// Jest Snapshot v1, https://goo.gl/fbAQLP

exports[`renders ./components/carousel/demo/autoplay.tsx correctly 1`] = `
{
  "html": "<div class="ant-carousel"><div class="slick-slider slick-initialized" dir="ltr"><div class="slick-list"><div class="slick-track" style="width:900%;left:-100%"><div data-index="-1" tabindex="-1" class="slick-slide slick-cloned" aria-hidden="true" style="width:11.11111111111111%"><div><div tabindex="-1" style="width:100%;display:inline-block"><h3 style="height:160px;color:#fff;line-height:160px;text-align:center;background:#364d79">4</h3></div></div></div><div data-index="0" class="slick-slide slick-active slick-current" tabindex="-1" aria-hidden="false" style="outline:none;width:11.11111111111111%"><div><div tabindex="-1" style="width:100%;display:inline-block"><h3 style="height:160px;color:#fff;line-height:160px;text-align:center;background:#364d79">1</h3></div></div></div><div data-index="1" class="slick-slide" tabindex="-1" aria-hidden="true" style="outline:none;width:11.11111111111111%"><div><div tabindex="-1" style="width:100%;display:inline-block"><h3 style="height:160px;color:#fff;line-height:160px;text-align:center;background:#364d79">2</h3></div></div></div><div data-index="2" class="slick-slide" tabindex="-1" aria-hidden="true" style="outline:none;width:11.11111111111111%"><div><div tabindex="-1" style="width:100%;display:inline-block"><h3 style="height:160px;color:#fff;line-height:160px;text-align:center;background:#364d79">3</h3></div></div></div><div data-index="3" class="slick-slide" tabindex="-1" aria-hidden="true" style="outline:none;width:11.11111111111111%"><div><div tabindex="-1" style="width:100%;display:inline-block"><h3 style="height:160px;color:#fff;line-height:160px;text-align:center;background:#364d79">4</h3></div></div></div><div data-index="4" tabindex="-1" class="slick-slide slick-cloned" aria-hidden="true" style="width:11.11111111111111%"><div><div tabindex="-1" style="width:100%;display:inline-block"><h3 style="height:160px;color:#fff;line-height:160px;text-align:center;background:#364d79">1</h3></div></div></div><div data-index="5" tabindex="-1" class="slick-slide slick-cloned" aria-hidden="true" style="width:11.11111111111111%"><div><div tabindex="-1" style="width:100%;display:inline-block"><h3 style="height:160px;color:#fff;line-height:160px;text-align:center;background:#364d79">2</h3></div></div></div><div data-index="6" tabindex="-1" class="slick-slide slick-cloned" aria-hidden="true" style="width:11.11111111111111%"><div><div tabindex="-1" style="width:100%;display:inline-block"><h3 style="height:160px;color:#fff;line-height:160px;text-align:center;background:#364d79">3</h3></div></div></div><div data-index="7" tabindex="-1" class="slick-slide slick-cloned" aria-hidden="true" style="width:11.11111111111111%"><div><div tabindex="-1" style="width:100%;display:inline-block"><h3 style="height:160px;color:#fff;line-height:160px;text-align:center;background:#364d79">4</h3></div></div></div></div></div><ul style="display:block" class="slick-dots slick-dots-bottom"><li class="slick-active"><button>1</button></li><li class=""><button>2</button></li><li class=""><button>3</button></li><li class=""><button>4</button></li></ul></div></div>",
  "type": "demo",
}
`;

exports[`renders ./components/carousel/demo/basic.tsx correctly 1`] = `
{
  "html": "<div class="ant-carousel"><div class="slick-slider slick-initialized" dir="ltr"><div class="slick-list"><div class="slick-track" style="width:900%;left:-100%"><div data-index="-1" tabindex="-1" class="slick-slide slick-cloned" aria-hidden="true" style="width:11.11111111111111%"><div><div tabindex="-1" style="width:100%;display:inline-block"><h3 style="margin:0;height:160px;color:#fff;line-height:160px;text-align:center;background:#364d79">4</h3></div></div></div><div data-index="0" class="slick-slide slick-active slick-current" tabindex="-1" aria-hidden="false" style="outline:none;width:11.11111111111111%"><div><div tabindex="-1" style="width:100%;display:inline-block"><h3 style="margin:0;height:160px;color:#fff;line-height:160px;text-align:center;background:#364d79">1</h3></div></div></div><div data-index="1" class="slick-slide" tabindex="-1" aria-hidden="true" style="outline:none;width:11.11111111111111%"><div><div tabindex="-1" style="width:100%;display:inline-block"><h3 style="margin:0;height:160px;color:#fff;line-height:160px;text-align:center;background:#364d79">2</h3></div></div></div><div data-index="2" class="slick-slide" tabindex="-1" aria-hidden="true" style="outline:none;width:11.11111111111111%"><div><div tabindex="-1" style="width:100%;display:inline-block"><h3 style="margin:0;height:160px;color:#fff;line-height:160px;text-align:center;background:#364d79">3</h3></div></div></div><div data-index="3" class="slick-slide" tabindex="-1" aria-hidden="true" style="outline:none;width:11.11111111111111%"><div><div tabindex="-1" style="width:100%;display:inline-block"><h3 style="margin:0;height:160px;color:#fff;line-height:160px;text-align:center;background:#364d79">4</h3></div></div></div><div data-index="4" tabindex="-1" class="slick-slide slick-cloned" aria-hidden="true" style="width:11.11111111111111%"><div><div tabindex="-1" style="width:100%;display:inline-block"><h3 style="margin:0;height:160px;color:#fff;line-height:160px;text-align:center;background:#364d79">1</h3></div></div></div><div data-index="5" tabindex="-1" class="slick-slide slick-cloned" aria-hidden="true" style="width:11.11111111111111%"><div><div tabindex="-1" style="width:100%;display:inline-block"><h3 style="margin:0;height:160px;color:#fff;line-height:160px;text-align:center;background:#364d79">2</h3></div></div></div><div data-index="6" tabindex="-1" class="slick-slide slick-cloned" aria-hidden="true" style="width:11.11111111111111%"><div><div tabindex="-1" style="width:100%;display:inline-block"><h3 style="margin:0;height:160px;color:#fff;line-height:160px;text-align:center;background:#364d79">3</h3></div></div></div><div data-index="7" tabindex="-1" class="slick-slide slick-cloned" aria-hidden="true" style="width:11.11111111111111%"><div><div tabindex="-1" style="width:100%;display:inline-block"><h3 style="margin:0;height:160px;color:#fff;line-height:160px;text-align:center;background:#364d79">4</h3></div></div></div></div></div><ul style="display:block" class="slick-dots slick-dots-bottom"><li class="slick-active"><button>1</button></li><li class=""><button>2</button></li><li class=""><button>3</button></li><li class=""><button>4</button></li></ul></div></div>",
  "type": "demo",
}
`;

exports[`renders ./components/carousel/demo/fade.tsx correctly 1`] = `
{
  "html": "<div class="ant-carousel"><div class="slick-slider slick-initialized" dir="ltr"><div class="slick-list"><div class="slick-track" style="width:900%;left:-100%"><div data-index="0" class="slick-slide slick-active slick-current" tabindex="-1" aria-hidden="false" style="outline:none;width:11.11111111111111%;position:relative;left:0;opacity:1;transition:opacity 500ms ease, visibility 500ms ease"><div><div tabindex="-1" style="width:100%;display:inline-block"><h3 style="height:160px;color:#fff;line-height:160px;text-align:center;background:#364d79">1</h3></div></div></div><div data-index="1" class="slick-slide" tabindex="-1" aria-hidden="true" style="outline:none;width:11.11111111111111%;position:relative;left:-11px;opacity:0;transition:opacity 500ms ease, visibility 500ms ease"><div><div tabindex="-1" style="width:100%;display:inline-block"><h3 style="height:160px;color:#fff;line-height:160px;text-align:center;background:#364d79">2</h3></div></div></div><div data-index="2" class="slick-slide" tabindex="-1" aria-hidden="true" style="outline:none;width:11.11111111111111%;position:relative;left:-22px;opacity:0;transition:opacity 500ms ease, visibility 500ms ease"><div><div tabindex="-1" style="width:100%;display:inline-block"><h3 style="height:160px;color:#fff;line-height:160px;text-align:center;background:#364d79">3</h3></div></div></div><div data-index="3" class="slick-slide" tabindex="-1" aria-hidden="true" style="outline:none;width:11.11111111111111%;position:relative;left:-33px;opacity:0;transition:opacity 500ms ease, visibility 500ms ease"><div><div tabindex="-1" style="width:100%;display:inline-block"><h3 style="height:160px;color:#fff;line-height:160px;text-align:center;background:#364d79">4</h3></div></div></div></div></div><ul style="display:block" class="slick-dots slick-dots-bottom"><li class="slick-active"><button>1</button></li><li class=""><button>2</button></li><li class=""><button>3</button></li><li class=""><button>4</button></li></ul></div></div>",
  "type": "demo",
}
`;

exports[`renders ./components/carousel/demo/position.tsx correctly 1`] = `
{
  "html": "<div class="ant-radio-group ant-radio-group-outline" style="margin-bottom:8px"><label class="ant-radio-button-wrapper ant-radio-button-wrapper-checked"><span class="ant-radio-button ant-radio-button-checked"><input type="radio" class="ant-radio-button-input" checked="" value="top"/><span class="ant-radio-button-inner"></span></span><span>Top</span></label><label class="ant-radio-button-wrapper"><span class="ant-radio-button"><input type="radio" class="ant-radio-button-input" value="bottom"/><span class="ant-radio-button-inner"></span></span><span>Bottom</span></label><label class="ant-radio-button-wrapper"><span class="ant-radio-button"><input type="radio" class="ant-radio-button-input" value="left"/><span class="ant-radio-button-inner"></span></span><span>Left</span></label><label class="ant-radio-button-wrapper"><span class="ant-radio-button"><input type="radio" class="ant-radio-button-input" value="right"/><span class="ant-radio-button-inner"></span></span><span>Right</span></label></div><div class="ant-carousel"><div class="slick-slider slick-initialized" dir="ltr"><div class="slick-list"><div class="slick-track" style="width:900%;left:-100%"><div data-index="-1" tabindex="-1" class="slick-slide slick-cloned" aria-hidden="true" style="width:11.11111111111111%"><div><div tabindex="-1" style="width:100%;display:inline-block"><h3 style="height:160px;color:#fff;line-height:160px;text-align:center;background:#364d79">4</h3></div></div></div><div data-index="0" class="slick-slide slick-active slick-current" tabindex="-1" aria-hidden="false" style="outline:none;width:11.11111111111111%"><div><div tabindex="-1" style="width:100%;display:inline-block"><h3 style="height:160px;color:#fff;line-height:160px;text-align:center;background:#364d79">1</h3></div></div></div><div data-index="1" class="slick-slide" tabindex="-1" aria-hidden="true" style="outline:none;width:11.11111111111111%"><div><div tabindex="-1" style="width:100%;display:inline-block"><h3 style="height:160px;color:#fff;line-height:160px;text-align:center;background:#364d79">2</h3></div></div></div><div data-index="2" class="slick-slide" tabindex="-1" aria-hidden="true" style="outline:none;width:11.11111111111111%"><div><div tabindex="-1" style="width:100%;display:inline-block"><h3 style="height:160px;color:#fff;line-height:160px;text-align:center;background:#364d79">3</h3></div></div></div><div data-index="3" class="slick-slide" tabindex="-1" aria-hidden="true" style="outline:none;width:11.11111111111111%"><div><div tabindex="-1" style="width:100%;display:inline-block"><h3 style="height:160px;color:#fff;line-height:160px;text-align:center;background:#364d79">4</h3></div></div></div><div data-index="4" tabindex="-1" class="slick-slide slick-cloned" aria-hidden="true" style="width:11.11111111111111%"><div><div tabindex="-1" style="width:100%;display:inline-block"><h3 style="height:160px;color:#fff;line-height:160px;text-align:center;background:#364d79">1</h3></div></div></div><div data-index="5" tabindex="-1" class="slick-slide slick-cloned" aria-hidden="true" style="width:11.11111111111111%"><div><div tabindex="-1" style="width:100%;display:inline-block"><h3 style="height:160px;color:#fff;line-height:160px;text-align:center;background:#364d79">2</h3></div></div></div><div data-index="6" tabindex="-1" class="slick-slide slick-cloned" aria-hidden="true" style="width:11.11111111111111%"><div><div tabindex="-1" style="width:100%;display:inline-block"><h3 style="height:160px;color:#fff;line-height:160px;text-align:center;background:#364d79">3</h3></div></div></div><div data-index="7" tabindex="-1" class="slick-slide slick-cloned" aria-hidden="true" style="width:11.11111111111111%"><div><div tabindex="-1" style="width:100%;display:inline-block"><h3 style="height:160px;color:#fff;line-height:160px;text-align:center;background:#364d79">4</h3></div></div></div></div></div><ul style="display:block" class="slick-dots slick-dots-top"><li class="slick-active"><button>1</button></li><li class=""><button>2</button></li><li class=""><button>3</button></li><li class=""><button>4</button></li></ul></div></div>",
  "type": "demo",
}
`;
