// Jest Snapshot v1, https://goo.gl/fbAQLP

exports[`qr-code rtl render component should be rendered correctly in RTL direction 1`] = `null`;

exports[`qr-code should correct render  1`] = `
<div
  class="ant-qrcode"
  style="width: 128px; height: 128px;"
>
  <canvas
    height="128"
    style="height: 128px; width: 128px;"
    width="128"
  />
</div>
`;
