// Jest Snapshot v1, https://goo.gl/fbAQLP

exports[`OmitText rtl render component should be rendered correctly in RTL direction 1`] = `
<div
  class="ant-omit-text"
  style="max-width: 120px;"
/>
`;
