// Jest Snapshot v1, https://goo.gl/fbAQLP

exports[`renders ./components/watermark/demo/basic.tsx extend context correctly 1`] = `
{
  "html": "<div style="position:relative"><div style="height:500px"></div></div>",
  "type": "demo",
}
`;

exports[`renders ./components/watermark/demo/custom.tsx extend context correctly 1`] = `
{
  "html": "<div style="display:flex"><div style="position:relative"><article class="ant-typography"><div class="ant-typography">The light-speed iteration of the digital world makes products more complex. However, human consciousness and attention resources are limited. Facing this design contradiction, the pursuit of natural interaction will be the consistent direction of Ant Design.</div><div class="ant-typography">Natural user cognition: According to cognitive psychology, about 80% of external information is obtained through visual channels. The most important visual elements in the interface design, including layout, colors, illustrations, icons, etc., should fully absorb the laws of nature, thereby reducing the user&#x27;s cognitive cost and bringing authentic and smooth feelings. In some scenarios, opportunely adding other sensory channels such as hearing, touch can create a richer and more natural product experience.</div><div class="ant-typography">Natural user behavior: In the interaction with the system, the designer should fully understand the relationship between users, system roles, and task objectives, and also contextually organize system functions and services. At the same time, a series of methods such as behavior analysis, artificial intelligence and sensors could be applied to assist users to make effective decisions and reduce extra operations of users, to save users&#x27; mental and physical resources and make human-computer interaction more natural.</div></article><img style="z-index:10;width:100%;max-width:800px;position:relative" src="https://gw.alipayobjects.com/mdn/rms_08e378/afts/img/A*zx7LTI_ECSAAAAAAAAAAAABkARQnAQ" alt="示例图片"/></div><form style="width:280px;flex-shrink:0;border-left:1px solid #eee;padding-left:20px;margin-left:20px" class="ant-form ant-form-vertical"><div class="ant-form-item"><div class="ant-row ant-form-item-row"><div class="ant-col ant-form-item-label"><label for="content" class="" title="Content">Content</label></div><div class="ant-col ant-form-item-control"><div class="ant-form-item-control-input"><div class="ant-form-item-control-input-content"><input placeholder="请输入" id="content" class="ant-input" type="text" value="Ant Design"/></div></div></div></div></div><div class="ant-form-item"><div class="ant-row ant-form-item-row"><div class="ant-col ant-form-item-label"><label for="color" class="" title="Color">Color</label></div><div class="ant-col ant-form-item-control"><div class="ant-form-item-control-input"><div class="ant-form-item-control-input-content"><div style="padding:4px;background:#fff;border-radius:2px;border:1px solid #dedede;display:inline-block;cursor:pointer"><div style="width:36px;height:14px;border-radius:2px;background:rgba(0, 0, 0, 0.15)"></div></div><div><div class="ant-popover" style="opacity:0"><div class="ant-popover-content"><div class="ant-popover-arrow"><span class="ant-popover-arrow-content"></span></div><div class="ant-popover-inner" role="tooltip" style="padding:0"><div class="ant-popover-inner-content"><div style="width:200px;padding:10px 10px 0;box-sizing:initial;background:#fff;-ms-border-radius:4px;-moz-border-radius:4px;-o-border-radius:4px;-webkit-border-radius:4px;border-radius:4px;-ms-box-shadow:0 0 0 1px rgba(0,0,0,.15), 0 8px 16px rgba(0,0,0,.15);-moz-box-shadow:0 0 0 1px rgba(0,0,0,.15), 0 8px 16px rgba(0,0,0,.15);-o-box-shadow:0 0 0 1px rgba(0,0,0,.15), 0 8px 16px rgba(0,0,0,.15);-webkit-box-shadow:0 0 0 1px rgba(0,0,0,.15), 0 8px 16px rgba(0,0,0,.15);box-shadow:0 0 0 1px rgba(0,0,0,.15), 0 8px 16px rgba(0,0,0,.15)" class="sketch-picker "><div style="width:100%;padding-bottom:75%;position:relative;overflow:hidden"><div style="position:absolute;top:0px;right:0px;bottom:0px;left:0px;background:hsl(0,100%, 50%)"><style>
          .saturation-white {
            background: -webkit-linear-gradient(to right, #fff, rgba(255,255,255,0));
            background: linear-gradient(to right, #fff, rgba(255,255,255,0));
          }
          .saturation-black {
            background: -webkit-linear-gradient(to top, #000, rgba(0,0,0,0));
            background: linear-gradient(to top, #000, rgba(0,0,0,0));
          }
        </style><div style="position:absolute;top:0px;right:0px;bottom:0px;left:0px" class="saturation-white"><div style="position:absolute;top:0px;right:0px;bottom:0px;left:0px" class="saturation-black"></div><div style="position:absolute;top:100%;left:0%;cursor:default"><div style="width:4px;height:4px;-ms-box-shadow:0 0 0 1.5px #fff, inset 0 0 1px 1px rgba(0,0,0,.3),
            0 0 1px 2px rgba(0,0,0,.4);-moz-box-shadow:0 0 0 1.5px #fff, inset 0 0 1px 1px rgba(0,0,0,.3),
            0 0 1px 2px rgba(0,0,0,.4);-o-box-shadow:0 0 0 1.5px #fff, inset 0 0 1px 1px rgba(0,0,0,.3),
            0 0 1px 2px rgba(0,0,0,.4);-webkit-box-shadow:0 0 0 1.5px #fff, inset 0 0 1px 1px rgba(0,0,0,.3),
            0 0 1px 2px rgba(0,0,0,.4);box-shadow:0 0 0 1.5px #fff, inset 0 0 1px 1px rgba(0,0,0,.3),
            0 0 1px 2px rgba(0,0,0,.4);-ms-border-radius:50%;-moz-border-radius:50%;-o-border-radius:50%;-webkit-border-radius:50%;border-radius:50%;cursor:hand;-ms-transform:translate(-2px, -2px);-moz-transform:translate(-2px, -2px);-o-transform:translate(-2px, -2px);-webkit-transform:translate(-2px, -2px);transform:translate(-2px, -2px)"></div></div></div></div></div><div style="display:flex" class="flexbox-fix"><div style="padding:4px 0;-webkit-box-flex:1;-moz-box-flex:1;-webkit-flex:1;-ms-flex:1;flex:1"><div style="position:relative;height:10px;overflow:hidden"><div style="position:absolute;top:0px;right:0px;bottom:0px;left:0px"><div class="hue-horizontal" style="padding:0 2px;position:relative;height:100%"><style>
            .hue-horizontal {
              background: linear-gradient(to right, #f00 0%, #ff0 17%, #0f0
                33%, #0ff 50%, #00f 67%, #f0f 83%, #f00 100%);
              background: -webkit-linear-gradient(to right, #f00 0%, #ff0
                17%, #0f0 33%, #0ff 50%, #00f 67%, #f0f 83%, #f00 100%);
            }

            .hue-vertical {
              background: linear-gradient(to top, #f00 0%, #ff0 17%, #0f0 33%,
                #0ff 50%, #00f 67%, #f0f 83%, #f00 100%);
              background: -webkit-linear-gradient(to top, #f00 0%, #ff0 17%,
                #0f0 33%, #0ff 50%, #00f 67%, #f0f 83%, #f00 100%);
            }
          </style><div style="position:absolute;left:0%"><div style="margin-top:1px;width:4px;-ms-border-radius:1px;-moz-border-radius:1px;-o-border-radius:1px;-webkit-border-radius:1px;border-radius:1px;height:8px;-ms-box-shadow:0 0 2px rgba(0, 0, 0, .6);-moz-box-shadow:0 0 2px rgba(0, 0, 0, .6);-o-box-shadow:0 0 2px rgba(0, 0, 0, .6);-webkit-box-shadow:0 0 2px rgba(0, 0, 0, .6);box-shadow:0 0 2px rgba(0, 0, 0, .6);background:#fff;-ms-transform:translateX(-2px);-moz-transform:translateX(-2px);-o-transform:translateX(-2px);-webkit-transform:translateX(-2px);transform:translateX(-2px)"></div></div></div></div></div><div style="position:relative;height:10px;margin-top:4px;overflow:hidden"><div style="position:absolute;top:0px;right:0px;bottom:0px;left:0px"><div style="position:absolute;top:0px;right:0px;bottom:0px;left:0px;overflow:hidden"><div style="position:absolute;top:0px;right:0px;bottom:0px;left:0px;background:url(data:image/png;base64,00) center left"></div></div><div style="position:absolute;top:0px;right:0px;bottom:0px;left:0px;background:linear-gradient(to right, rgba(0,0,0, 0) 0%,
           rgba(0,0,0, 1) 100%)"></div><div style="position:relative;height:100%;margin:0 3px"><div style="position:absolute;left:15%"><div style="width:4px;-ms-border-radius:1px;-moz-border-radius:1px;-o-border-radius:1px;-webkit-border-radius:1px;border-radius:1px;height:8px;-ms-box-shadow:0 0 2px rgba(0, 0, 0, .6);-moz-box-shadow:0 0 2px rgba(0, 0, 0, .6);-o-box-shadow:0 0 2px rgba(0, 0, 0, .6);-webkit-box-shadow:0 0 2px rgba(0, 0, 0, .6);box-shadow:0 0 2px rgba(0, 0, 0, .6);background:#fff;margin-top:1px;-ms-transform:translateX(-2px);-moz-transform:translateX(-2px);-o-transform:translateX(-2px);-webkit-transform:translateX(-2px);transform:translateX(-2px)"></div></div></div></div></div></div><div style="width:24px;height:24px;position:relative;margin-top:4px;margin-left:4px;-ms-border-radius:3px;-moz-border-radius:3px;-o-border-radius:3px;-webkit-border-radius:3px;border-radius:3px"><div style="position:absolute;top:0px;right:0px;bottom:0px;left:0px;background:url(data:image/png;base64,00) center left"></div><div style="position:absolute;top:0px;right:0px;bottom:0px;left:0px;-ms-border-radius:2px;-moz-border-radius:2px;-o-border-radius:2px;-webkit-border-radius:2px;border-radius:2px;background:rgba(0,0,0,0.15);-ms-box-shadow:inset 0 0 0 1px rgba(0,0,0,.15), inset 0 0 4px rgba(0,0,0,.25);-moz-box-shadow:inset 0 0 0 1px rgba(0,0,0,.15), inset 0 0 4px rgba(0,0,0,.25);-o-box-shadow:inset 0 0 0 1px rgba(0,0,0,.15), inset 0 0 4px rgba(0,0,0,.25);-webkit-box-shadow:inset 0 0 0 1px rgba(0,0,0,.15), inset 0 0 4px rgba(0,0,0,.25);box-shadow:inset 0 0 0 1px rgba(0,0,0,.15), inset 0 0 4px rgba(0,0,0,.25)"></div></div></div><div style="display:flex;padding-top:4px" class="flexbox-fix"><div style="-webkit-box-flex:2;-moz-box-flex:2;-webkit-flex:2;-ms-flex:2;flex:2"><div style="position:relative"><input id="rc-editable-input-1" style="width:80%;padding:4px 10% 3px;border:none;-ms-box-shadow:inset 0 0 0 1px #ccc;-moz-box-shadow:inset 0 0 0 1px #ccc;-o-box-shadow:inset 0 0 0 1px #ccc;-webkit-box-shadow:inset 0 0 0 1px #ccc;box-shadow:inset 0 0 0 1px #ccc;font-size:11px" spellcheck="false" value="000000"/><label for="rc-editable-input-1" style="display:block;text-align:center;font-size:11px;color:#222;padding-top:3px;padding-bottom:4px;text-transform:capitalize">hex</label></div></div><div style="-webkit-box-flex:1;-moz-box-flex:1;-webkit-flex:1;-ms-flex:1;flex:1;padding-left:6px"><div style="position:relative"><input id="rc-editable-input-2" style="width:80%;padding:4px 10% 3px;border:none;-ms-box-shadow:inset 0 0 0 1px #ccc;-moz-box-shadow:inset 0 0 0 1px #ccc;-o-box-shadow:inset 0 0 0 1px #ccc;-webkit-box-shadow:inset 0 0 0 1px #ccc;box-shadow:inset 0 0 0 1px #ccc;font-size:11px" spellcheck="false" value="0"/><label for="rc-editable-input-2" style="display:block;text-align:center;font-size:11px;color:#222;padding-top:3px;padding-bottom:4px;text-transform:capitalize;cursor:ew-resize">r</label></div></div><div style="-webkit-box-flex:1;-moz-box-flex:1;-webkit-flex:1;-ms-flex:1;flex:1;padding-left:6px"><div style="position:relative"><input id="rc-editable-input-3" style="width:80%;padding:4px 10% 3px;border:none;-ms-box-shadow:inset 0 0 0 1px #ccc;-moz-box-shadow:inset 0 0 0 1px #ccc;-o-box-shadow:inset 0 0 0 1px #ccc;-webkit-box-shadow:inset 0 0 0 1px #ccc;box-shadow:inset 0 0 0 1px #ccc;font-size:11px" spellcheck="false" value="0"/><label for="rc-editable-input-3" style="display:block;text-align:center;font-size:11px;color:#222;padding-top:3px;padding-bottom:4px;text-transform:capitalize;cursor:ew-resize">g</label></div></div><div style="-webkit-box-flex:1;-moz-box-flex:1;-webkit-flex:1;-ms-flex:1;flex:1;padding-left:6px"><div style="position:relative"><input id="rc-editable-input-4" style="width:80%;padding:4px 10% 3px;border:none;-ms-box-shadow:inset 0 0 0 1px #ccc;-moz-box-shadow:inset 0 0 0 1px #ccc;-o-box-shadow:inset 0 0 0 1px #ccc;-webkit-box-shadow:inset 0 0 0 1px #ccc;box-shadow:inset 0 0 0 1px #ccc;font-size:11px" spellcheck="false" value="0"/><label for="rc-editable-input-4" style="display:block;text-align:center;font-size:11px;color:#222;padding-top:3px;padding-bottom:4px;text-transform:capitalize;cursor:ew-resize">b</label></div></div><div style="-webkit-box-flex:1;-moz-box-flex:1;-webkit-flex:1;-ms-flex:1;flex:1;padding-left:6px"><div style="position:relative"><input id="rc-editable-input-5" style="width:80%;padding:4px 10% 3px;border:none;-ms-box-shadow:inset 0 0 0 1px #ccc;-moz-box-shadow:inset 0 0 0 1px #ccc;-o-box-shadow:inset 0 0 0 1px #ccc;-webkit-box-shadow:inset 0 0 0 1px #ccc;box-shadow:inset 0 0 0 1px #ccc;font-size:11px" spellcheck="false" value="15"/><label for="rc-editable-input-5" style="display:block;text-align:center;font-size:11px;color:#222;padding-top:3px;padding-bottom:4px;text-transform:capitalize;cursor:ew-resize">a</label></div></div></div><div style="margin:0 -10px;padding:10px 0 0 10px;border-top:1px solid #eee;display:flex;flex-wrap:wrap;position:relative" class="flexbox-fix"><div style="width:16px;height:16px;margin:0 10px 10px 0"><span><div style="background:#D0021B;height:100%;width:100%;cursor:pointer;position:relative;outline:none;-ms-border-radius:3px;-moz-border-radius:3px;-o-border-radius:3px;-webkit-border-radius:3px;border-radius:3px;-ms-box-shadow:inset 0 0 0 1px rgba(0,0,0,.15);-moz-box-shadow:inset 0 0 0 1px rgba(0,0,0,.15);-o-box-shadow:inset 0 0 0 1px rgba(0,0,0,.15);-webkit-box-shadow:inset 0 0 0 1px rgba(0,0,0,.15);box-shadow:inset 0 0 0 1px rgba(0,0,0,.15)" title="#D0021B" tabindex="0"></div></span></div><div style="width:16px;height:16px;margin:0 10px 10px 0"><span><div style="background:#F5A623;height:100%;width:100%;cursor:pointer;position:relative;outline:none;-ms-border-radius:3px;-moz-border-radius:3px;-o-border-radius:3px;-webkit-border-radius:3px;border-radius:3px;-ms-box-shadow:inset 0 0 0 1px rgba(0,0,0,.15);-moz-box-shadow:inset 0 0 0 1px rgba(0,0,0,.15);-o-box-shadow:inset 0 0 0 1px rgba(0,0,0,.15);-webkit-box-shadow:inset 0 0 0 1px rgba(0,0,0,.15);box-shadow:inset 0 0 0 1px rgba(0,0,0,.15)" title="#F5A623" tabindex="0"></div></span></div><div style="width:16px;height:16px;margin:0 10px 10px 0"><span><div style="background:#F8E71C;height:100%;width:100%;cursor:pointer;position:relative;outline:none;-ms-border-radius:3px;-moz-border-radius:3px;-o-border-radius:3px;-webkit-border-radius:3px;border-radius:3px;-ms-box-shadow:inset 0 0 0 1px rgba(0,0,0,.15);-moz-box-shadow:inset 0 0 0 1px rgba(0,0,0,.15);-o-box-shadow:inset 0 0 0 1px rgba(0,0,0,.15);-webkit-box-shadow:inset 0 0 0 1px rgba(0,0,0,.15);box-shadow:inset 0 0 0 1px rgba(0,0,0,.15)" title="#F8E71C" tabindex="0"></div></span></div><div style="width:16px;height:16px;margin:0 10px 10px 0"><span><div style="background:#8B572A;height:100%;width:100%;cursor:pointer;position:relative;outline:none;-ms-border-radius:3px;-moz-border-radius:3px;-o-border-radius:3px;-webkit-border-radius:3px;border-radius:3px;-ms-box-shadow:inset 0 0 0 1px rgba(0,0,0,.15);-moz-box-shadow:inset 0 0 0 1px rgba(0,0,0,.15);-o-box-shadow:inset 0 0 0 1px rgba(0,0,0,.15);-webkit-box-shadow:inset 0 0 0 1px rgba(0,0,0,.15);box-shadow:inset 0 0 0 1px rgba(0,0,0,.15)" title="#8B572A" tabindex="0"></div></span></div><div style="width:16px;height:16px;margin:0 10px 10px 0"><span><div style="background:#7ED321;height:100%;width:100%;cursor:pointer;position:relative;outline:none;-ms-border-radius:3px;-moz-border-radius:3px;-o-border-radius:3px;-webkit-border-radius:3px;border-radius:3px;-ms-box-shadow:inset 0 0 0 1px rgba(0,0,0,.15);-moz-box-shadow:inset 0 0 0 1px rgba(0,0,0,.15);-o-box-shadow:inset 0 0 0 1px rgba(0,0,0,.15);-webkit-box-shadow:inset 0 0 0 1px rgba(0,0,0,.15);box-shadow:inset 0 0 0 1px rgba(0,0,0,.15)" title="#7ED321" tabindex="0"></div></span></div><div style="width:16px;height:16px;margin:0 10px 10px 0"><span><div style="background:#417505;height:100%;width:100%;cursor:pointer;position:relative;outline:none;-ms-border-radius:3px;-moz-border-radius:3px;-o-border-radius:3px;-webkit-border-radius:3px;border-radius:3px;-ms-box-shadow:inset 0 0 0 1px rgba(0,0,0,.15);-moz-box-shadow:inset 0 0 0 1px rgba(0,0,0,.15);-o-box-shadow:inset 0 0 0 1px rgba(0,0,0,.15);-webkit-box-shadow:inset 0 0 0 1px rgba(0,0,0,.15);box-shadow:inset 0 0 0 1px rgba(0,0,0,.15)" title="#417505" tabindex="0"></div></span></div><div style="width:16px;height:16px;margin:0 10px 10px 0"><span><div style="background:#BD10E0;height:100%;width:100%;cursor:pointer;position:relative;outline:none;-ms-border-radius:3px;-moz-border-radius:3px;-o-border-radius:3px;-webkit-border-radius:3px;border-radius:3px;-ms-box-shadow:inset 0 0 0 1px rgba(0,0,0,.15);-moz-box-shadow:inset 0 0 0 1px rgba(0,0,0,.15);-o-box-shadow:inset 0 0 0 1px rgba(0,0,0,.15);-webkit-box-shadow:inset 0 0 0 1px rgba(0,0,0,.15);box-shadow:inset 0 0 0 1px rgba(0,0,0,.15)" title="#BD10E0" tabindex="0"></div></span></div><div style="width:16px;height:16px;margin:0 10px 10px 0"><span><div style="background:#9013FE;height:100%;width:100%;cursor:pointer;position:relative;outline:none;-ms-border-radius:3px;-moz-border-radius:3px;-o-border-radius:3px;-webkit-border-radius:3px;border-radius:3px;-ms-box-shadow:inset 0 0 0 1px rgba(0,0,0,.15);-moz-box-shadow:inset 0 0 0 1px rgba(0,0,0,.15);-o-box-shadow:inset 0 0 0 1px rgba(0,0,0,.15);-webkit-box-shadow:inset 0 0 0 1px rgba(0,0,0,.15);box-shadow:inset 0 0 0 1px rgba(0,0,0,.15)" title="#9013FE" tabindex="0"></div></span></div><div style="width:16px;height:16px;margin:0 10px 10px 0"><span><div style="background:#4A90E2;height:100%;width:100%;cursor:pointer;position:relative;outline:none;-ms-border-radius:3px;-moz-border-radius:3px;-o-border-radius:3px;-webkit-border-radius:3px;border-radius:3px;-ms-box-shadow:inset 0 0 0 1px rgba(0,0,0,.15);-moz-box-shadow:inset 0 0 0 1px rgba(0,0,0,.15);-o-box-shadow:inset 0 0 0 1px rgba(0,0,0,.15);-webkit-box-shadow:inset 0 0 0 1px rgba(0,0,0,.15);box-shadow:inset 0 0 0 1px rgba(0,0,0,.15)" title="#4A90E2" tabindex="0"></div></span></div><div style="width:16px;height:16px;margin:0 10px 10px 0"><span><div style="background:#50E3C2;height:100%;width:100%;cursor:pointer;position:relative;outline:none;-ms-border-radius:3px;-moz-border-radius:3px;-o-border-radius:3px;-webkit-border-radius:3px;border-radius:3px;-ms-box-shadow:inset 0 0 0 1px rgba(0,0,0,.15);-moz-box-shadow:inset 0 0 0 1px rgba(0,0,0,.15);-o-box-shadow:inset 0 0 0 1px rgba(0,0,0,.15);-webkit-box-shadow:inset 0 0 0 1px rgba(0,0,0,.15);box-shadow:inset 0 0 0 1px rgba(0,0,0,.15)" title="#50E3C2" tabindex="0"></div></span></div><div style="width:16px;height:16px;margin:0 10px 10px 0"><span><div style="background:#B8E986;height:100%;width:100%;cursor:pointer;position:relative;outline:none;-ms-border-radius:3px;-moz-border-radius:3px;-o-border-radius:3px;-webkit-border-radius:3px;border-radius:3px;-ms-box-shadow:inset 0 0 0 1px rgba(0,0,0,.15);-moz-box-shadow:inset 0 0 0 1px rgba(0,0,0,.15);-o-box-shadow:inset 0 0 0 1px rgba(0,0,0,.15);-webkit-box-shadow:inset 0 0 0 1px rgba(0,0,0,.15);box-shadow:inset 0 0 0 1px rgba(0,0,0,.15)" title="#B8E986" tabindex="0"></div></span></div><div style="width:16px;height:16px;margin:0 10px 10px 0"><span><div style="background:#000000;height:100%;width:100%;cursor:pointer;position:relative;outline:none;-ms-border-radius:3px;-moz-border-radius:3px;-o-border-radius:3px;-webkit-border-radius:3px;border-radius:3px;-ms-box-shadow:inset 0 0 0 1px rgba(0,0,0,.15);-moz-box-shadow:inset 0 0 0 1px rgba(0,0,0,.15);-o-box-shadow:inset 0 0 0 1px rgba(0,0,0,.15);-webkit-box-shadow:inset 0 0 0 1px rgba(0,0,0,.15);box-shadow:inset 0 0 0 1px rgba(0,0,0,.15)" title="#000000" tabindex="0"></div></span></div><div style="width:16px;height:16px;margin:0 10px 10px 0"><span><div style="background:#4A4A4A;height:100%;width:100%;cursor:pointer;position:relative;outline:none;-ms-border-radius:3px;-moz-border-radius:3px;-o-border-radius:3px;-webkit-border-radius:3px;border-radius:3px;-ms-box-shadow:inset 0 0 0 1px rgba(0,0,0,.15);-moz-box-shadow:inset 0 0 0 1px rgba(0,0,0,.15);-o-box-shadow:inset 0 0 0 1px rgba(0,0,0,.15);-webkit-box-shadow:inset 0 0 0 1px rgba(0,0,0,.15);box-shadow:inset 0 0 0 1px rgba(0,0,0,.15)" title="#4A4A4A" tabindex="0"></div></span></div><div style="width:16px;height:16px;margin:0 10px 10px 0"><span><div style="background:#9B9B9B;height:100%;width:100%;cursor:pointer;position:relative;outline:none;-ms-border-radius:3px;-moz-border-radius:3px;-o-border-radius:3px;-webkit-border-radius:3px;border-radius:3px;-ms-box-shadow:inset 0 0 0 1px rgba(0,0,0,.15);-moz-box-shadow:inset 0 0 0 1px rgba(0,0,0,.15);-o-box-shadow:inset 0 0 0 1px rgba(0,0,0,.15);-webkit-box-shadow:inset 0 0 0 1px rgba(0,0,0,.15);box-shadow:inset 0 0 0 1px rgba(0,0,0,.15)" title="#9B9B9B" tabindex="0"></div></span></div><div style="width:16px;height:16px;margin:0 10px 10px 0"><span><div style="background:#FFFFFF;height:100%;width:100%;cursor:pointer;position:relative;outline:none;-ms-border-radius:3px;-moz-border-radius:3px;-o-border-radius:3px;-webkit-border-radius:3px;border-radius:3px;-ms-box-shadow:inset 0 0 0 1px rgba(0,0,0,.15);-moz-box-shadow:inset 0 0 0 1px rgba(0,0,0,.15);-o-box-shadow:inset 0 0 0 1px rgba(0,0,0,.15);-webkit-box-shadow:inset 0 0 0 1px rgba(0,0,0,.15);box-shadow:inset 0 0 0 1px rgba(0,0,0,.15)" title="#FFFFFF" tabindex="0"></div></span></div></div></div></div></div></div></div></div></div></div></div></div></div><div class="ant-form-item"><div class="ant-row ant-form-item-row"><div class="ant-col ant-form-item-label"><label for="fontSize" class="" title="FontSize">FontSize</label></div><div class="ant-col ant-form-item-control"><div class="ant-form-item-control-input"><div class="ant-form-item-control-input-content"><div class="ant-slider ant-slider-horizontal"><div class="ant-slider-rail"></div><div class="ant-slider-track" style="left:0%;width:16%"></div><div class="ant-slider-step"></div><div class="ant-slider-handle" style="left:16%;transform:translateX(-50%)" tabindex="0" role="slider" aria-valuemin="0" aria-valuemax="100" aria-valuenow="16" aria-disabled="false"></div><div><div class="ant-tooltip ant-slider-tooltip" style="opacity:0"><div class="ant-tooltip-content"><div class="ant-tooltip-arrow"><span class="ant-tooltip-arrow-content"></span></div><div class="ant-tooltip-inner" role="tooltip">16</div></div></div></div></div></div></div></div></div></div><div class="ant-form-item"><div class="ant-row ant-form-item-row"><div class="ant-col ant-form-item-label"><label for="zIndex" class="" title="zIndex">zIndex</label></div><div class="ant-col ant-form-item-control"><div class="ant-form-item-control-input"><div class="ant-form-item-control-input-content"><div class="ant-slider ant-slider-horizontal"><div class="ant-slider-rail"></div><div class="ant-slider-track" style="left:0%;width:11%"></div><div class="ant-slider-step"></div><div class="ant-slider-handle" style="left:11%;transform:translateX(-50%)" tabindex="0" role="slider" aria-valuemin="0" aria-valuemax="100" aria-valuenow="11" aria-disabled="false"></div><div><div class="ant-tooltip ant-slider-tooltip" style="opacity:0"><div class="ant-tooltip-content"><div class="ant-tooltip-arrow"><span class="ant-tooltip-arrow-content"></span></div><div class="ant-tooltip-inner" role="tooltip">11</div></div></div></div></div></div></div></div></div></div><div class="ant-form-item"><div class="ant-row ant-form-item-row"><div class="ant-col ant-form-item-label"><label for="rotate" class="" title="Rotate">Rotate</label></div><div class="ant-col ant-form-item-control"><div class="ant-form-item-control-input"><div class="ant-form-item-control-input-content"><div class="ant-slider ant-slider-horizontal"><div class="ant-slider-rail"></div><div class="ant-slider-track" style="left:0%;width:43.888888888888886%"></div><div class="ant-slider-step"></div><div class="ant-slider-handle" style="left:43.888888888888886%;transform:translateX(-50%)" tabindex="0" role="slider" aria-valuemin="-180" aria-valuemax="180" aria-valuenow="-22" aria-disabled="false"></div><div><div class="ant-tooltip ant-slider-tooltip" style="opacity:0"><div class="ant-tooltip-content"><div class="ant-tooltip-arrow"><span class="ant-tooltip-arrow-content"></span></div><div class="ant-tooltip-inner" role="tooltip">-22</div></div></div></div></div></div></div></div></div></div><div class="ant-form-item" style="margin-bottom:0"><div class="ant-row ant-form-item-row"><div class="ant-col ant-form-item-label"><label class="" title="Gap">Gap</label></div><div class="ant-col ant-form-item-control"><div class="ant-form-item-control-input"><div class="ant-form-item-control-input-content"><div class="ant-space ant-space-horizontal ant-space-align-baseline" style="display:flex"><div class="ant-space-item" style="margin-right:8px"><div class="ant-form-item"><div class="ant-row ant-form-item-row"><div class="ant-col ant-form-item-control"><div class="ant-form-item-control-input"><div class="ant-form-item-control-input-content"><div class="ant-input-number ant-input-number-in-form-item" style="width:100%"><div class="ant-input-number-handler-wrap"><span unselectable="on" role="button" aria-label="Increase Value" aria-disabled="false" class="ant-input-number-handler ant-input-number-handler-up"><span role="img" aria-label="up" class="anticon anticon-up ant-input-number-handler-up-inner"><svg viewBox="64 64 896 896" focusable="false" data-icon="up" width="1em" height="1em" fill="currentColor" aria-hidden="true"><path d="M890.5 755.3L537.9 269.2c-12.8-17.6-39-17.6-51.7 0L133.5 755.3A8 8 0 00140 768h75c5.1 0 9.9-2.5 12.9-6.6L512 369.8l284.1 391.6c3 4.1 7.8 6.6 12.9 6.6h75c6.5 0 10.3-7.4 6.5-12.7z"></path></svg></span></span><span unselectable="on" role="button" aria-label="Decrease Value" aria-disabled="false" class="ant-input-number-handler ant-input-number-handler-down"><span role="img" aria-label="down" class="anticon anticon-down ant-input-number-handler-down-inner"><svg viewBox="64 64 896 896" focusable="false" data-icon="down" width="1em" height="1em" fill="currentColor" aria-hidden="true"><path d="M884 256h-75c-5.1 0-9.9 2.5-12.9 6.6L512 654.2 227.9 262.6c-3-4.1-7.8-6.6-12.9-6.6h-75c-6.5 0-10.3 7.4-6.5 12.7l352.6 486.1c12.8 17.6 39 17.6 51.7 0l352.6-486.1c3.9-5.3.1-12.7-6.4-12.7z"></path></svg></span></span></div><div class="ant-input-number-input-wrap"><input autoComplete="off" role="spinbutton" aria-valuenow="100" step="1" placeholder="gapX" id="gap_0" class="ant-input-number-input" value="100"/></div></div></div></div></div></div></div></div><div class="ant-space-item"><div class="ant-form-item"><div class="ant-row ant-form-item-row"><div class="ant-col ant-form-item-control"><div class="ant-form-item-control-input"><div class="ant-form-item-control-input-content"><div class="ant-input-number ant-input-number-in-form-item" style="width:100%"><div class="ant-input-number-handler-wrap"><span unselectable="on" role="button" aria-label="Increase Value" aria-disabled="false" class="ant-input-number-handler ant-input-number-handler-up"><span role="img" aria-label="up" class="anticon anticon-up ant-input-number-handler-up-inner"><svg viewBox="64 64 896 896" focusable="false" data-icon="up" width="1em" height="1em" fill="currentColor" aria-hidden="true"><path d="M890.5 755.3L537.9 269.2c-12.8-17.6-39-17.6-51.7 0L133.5 755.3A8 8 0 00140 768h75c5.1 0 9.9-2.5 12.9-6.6L512 369.8l284.1 391.6c3 4.1 7.8 6.6 12.9 6.6h75c6.5 0 10.3-7.4 6.5-12.7z"></path></svg></span></span><span unselectable="on" role="button" aria-label="Decrease Value" aria-disabled="false" class="ant-input-number-handler ant-input-number-handler-down"><span role="img" aria-label="down" class="anticon anticon-down ant-input-number-handler-down-inner"><svg viewBox="64 64 896 896" focusable="false" data-icon="down" width="1em" height="1em" fill="currentColor" aria-hidden="true"><path d="M884 256h-75c-5.1 0-9.9 2.5-12.9 6.6L512 654.2 227.9 262.6c-3-4.1-7.8-6.6-12.9-6.6h-75c-6.5 0-10.3 7.4-6.5 12.7l352.6 486.1c12.8 17.6 39 17.6 51.7 0l352.6-486.1c3.9-5.3.1-12.7-6.4-12.7z"></path></svg></span></span></div><div class="ant-input-number-input-wrap"><input autoComplete="off" role="spinbutton" aria-valuenow="100" step="1" placeholder="gapY" id="gap_1" class="ant-input-number-input" value="100"/></div></div></div></div></div></div></div></div></div></div></div></div></div></div><div class="ant-form-item" style="margin-bottom:0"><div class="ant-row ant-form-item-row"><div class="ant-col ant-form-item-label"><label class="" title="Offset">Offset</label></div><div class="ant-col ant-form-item-control"><div class="ant-form-item-control-input"><div class="ant-form-item-control-input-content"><div class="ant-space ant-space-horizontal ant-space-align-baseline" style="display:flex"><div class="ant-space-item" style="margin-right:8px"><div class="ant-form-item"><div class="ant-row ant-form-item-row"><div class="ant-col ant-form-item-control"><div class="ant-form-item-control-input"><div class="ant-form-item-control-input-content"><div class="ant-input-number ant-input-number-in-form-item" style="width:100%"><div class="ant-input-number-handler-wrap"><span unselectable="on" role="button" aria-label="Increase Value" aria-disabled="false" class="ant-input-number-handler ant-input-number-handler-up"><span role="img" aria-label="up" class="anticon anticon-up ant-input-number-handler-up-inner"><svg viewBox="64 64 896 896" focusable="false" data-icon="up" width="1em" height="1em" fill="currentColor" aria-hidden="true"><path d="M890.5 755.3L537.9 269.2c-12.8-17.6-39-17.6-51.7 0L133.5 755.3A8 8 0 00140 768h75c5.1 0 9.9-2.5 12.9-6.6L512 369.8l284.1 391.6c3 4.1 7.8 6.6 12.9 6.6h75c6.5 0 10.3-7.4 6.5-12.7z"></path></svg></span></span><span unselectable="on" role="button" aria-label="Decrease Value" aria-disabled="false" class="ant-input-number-handler ant-input-number-handler-down"><span role="img" aria-label="down" class="anticon anticon-down ant-input-number-handler-down-inner"><svg viewBox="64 64 896 896" focusable="false" data-icon="down" width="1em" height="1em" fill="currentColor" aria-hidden="true"><path d="M884 256h-75c-5.1 0-9.9 2.5-12.9 6.6L512 654.2 227.9 262.6c-3-4.1-7.8-6.6-12.9-6.6h-75c-6.5 0-10.3 7.4-6.5 12.7l352.6 486.1c12.8 17.6 39 17.6 51.7 0l352.6-486.1c3.9-5.3.1-12.7-6.4-12.7z"></path></svg></span></span></div><div class="ant-input-number-input-wrap"><input autoComplete="off" role="spinbutton" step="1" placeholder="offsetLeft" id="offset_0" class="ant-input-number-input" value=""/></div></div></div></div></div></div></div></div><div class="ant-space-item"><div class="ant-form-item"><div class="ant-row ant-form-item-row"><div class="ant-col ant-form-item-control"><div class="ant-form-item-control-input"><div class="ant-form-item-control-input-content"><div class="ant-input-number ant-input-number-in-form-item" style="width:100%"><div class="ant-input-number-handler-wrap"><span unselectable="on" role="button" aria-label="Increase Value" aria-disabled="false" class="ant-input-number-handler ant-input-number-handler-up"><span role="img" aria-label="up" class="anticon anticon-up ant-input-number-handler-up-inner"><svg viewBox="64 64 896 896" focusable="false" data-icon="up" width="1em" height="1em" fill="currentColor" aria-hidden="true"><path d="M890.5 755.3L537.9 269.2c-12.8-17.6-39-17.6-51.7 0L133.5 755.3A8 8 0 00140 768h75c5.1 0 9.9-2.5 12.9-6.6L512 369.8l284.1 391.6c3 4.1 7.8 6.6 12.9 6.6h75c6.5 0 10.3-7.4 6.5-12.7z"></path></svg></span></span><span unselectable="on" role="button" aria-label="Decrease Value" aria-disabled="false" class="ant-input-number-handler ant-input-number-handler-down"><span role="img" aria-label="down" class="anticon anticon-down ant-input-number-handler-down-inner"><svg viewBox="64 64 896 896" focusable="false" data-icon="down" width="1em" height="1em" fill="currentColor" aria-hidden="true"><path d="M884 256h-75c-5.1 0-9.9 2.5-12.9 6.6L512 654.2 227.9 262.6c-3-4.1-7.8-6.6-12.9-6.6h-75c-6.5 0-10.3 7.4-6.5 12.7l352.6 486.1c12.8 17.6 39 17.6 51.7 0l352.6-486.1c3.9-5.3.1-12.7-6.4-12.7z"></path></svg></span></span></div><div class="ant-input-number-input-wrap"><input autoComplete="off" role="spinbutton" step="1" placeholder="offsetTop" id="offset_1" class="ant-input-number-input" value=""/></div></div></div></div></div></div></div></div></div></div></div></div></div></div></form></div>",
  "type": "demo",
}
`;

exports[`renders ./components/watermark/demo/image.tsx extend context correctly 1`] = `
{
  "html": "<div style="position:relative"><div style="height:500px"></div></div>",
  "type": "demo",
}
`;

exports[`renders ./components/watermark/demo/multi-line.tsx extend context correctly 1`] = `
{
  "html": "<div style="position:relative"><div style="height:500px"></div></div>",
  "type": "demo",
}
`;
