// Jest Snapshot v1, https://goo.gl/fbAQLP

exports[`renders ./components/popover/demo/arrow-point-at-center.tsx correctly 1`] = `
{
  "html": "<button type="button" class="ant-btn ant-btn-default"><span>Align edge / 边缘对齐</span></button><button type="button" class="ant-btn ant-btn-default"><span>Arrow points to center / 箭头指向中心</span></button>",
  "type": "demo",
}
`;

exports[`renders ./components/popover/demo/basic.tsx correctly 1`] = `
{
  "html": "<button type="button" class="ant-btn ant-btn-primary"><span>Hover me</span></button>",
  "type": "demo",
}
`;

exports[`renders ./components/popover/demo/control.tsx correctly 1`] = `
{
  "html": "<button type="button" class="ant-btn ant-btn-primary"><span>Click me</span></button>",
  "type": "demo",
}
`;

exports[`renders ./components/popover/demo/hover-with-click.tsx correctly 1`] = `
{
  "html": "<button type="button" class="ant-btn ant-btn-default"><span>Hover and click / 悬停并单击</span></button>",
  "type": "demo",
}
`;

exports[`renders ./components/popover/demo/placement.tsx correctly 1`] = `
{
  "html": "<div class="demo"><div style="margin-left:70px;white-space:nowrap"><button type="button" class="ant-btn ant-btn-default"><span>TL</span></button><button type="button" class="ant-btn ant-btn-default"><span>Top</span></button><button type="button" class="ant-btn ant-btn-default"><span>TR</span></button></div><div style="width:70px;float:left"><button type="button" class="ant-btn ant-btn-default"><span>LT</span></button><button type="button" class="ant-btn ant-btn-default"><span>Left</span></button><button type="button" class="ant-btn ant-btn-default"><span>LB</span></button></div><div style="width:70px;margin-left:304px"><button type="button" class="ant-btn ant-btn-default"><span>RT</span></button><button type="button" class="ant-btn ant-btn-default"><span>Right</span></button><button type="button" class="ant-btn ant-btn-default"><span>RB</span></button></div><div style="margin-left:70px;clear:both;white-space:nowrap"><button type="button" class="ant-btn ant-btn-default"><span>BL</span></button><button type="button" class="ant-btn ant-btn-default"><span>Bottom</span></button><button type="button" class="ant-btn ant-btn-default"><span>BR</span></button></div></div>",
  "type": "demo",
}
`;

exports[`renders ./components/popover/demo/render-panel.tsx correctly 1`] = `
{
  "html": "<div class="ant-popover ant-popover-pure ant-popover-placement-top"><div class="ant-popover-content"><div class="ant-popover-arrow"></div><div class="ant-popover-inner" role="tooltip"><div class="ant-popover-title">Title</div><div class="ant-popover-inner-content"><div><p>Content</p><p>Content</p></div></div></div></div></div><div class="ant-popover ant-popover-pure ant-popover-placement-bottomLeft" style="width:250px"><div class="ant-popover-content" style="width:250px"><div class="ant-popover-arrow"></div><div class="ant-popover-inner" role="tooltip"><div class="ant-popover-title">Title</div><div class="ant-popover-inner-content"><div><p>Content</p><p>Content</p></div></div></div></div></div>",
  "type": "demo",
}
`;

exports[`renders ./components/popover/demo/triggerType.tsx correctly 1`] = `
{
  "html": "<div><button type="button" class="ant-btn ant-btn-default"><span>Hover me</span></button><button type="button" class="ant-btn ant-btn-default"><span>Focus me</span></button><button type="button" class="ant-btn ant-btn-default"><span>Click me</span></button></div>",
  "type": "demo",
}
`;

exports[`renders ./components/popover/demo/wireframe.tsx correctly 1`] = `
{
  "html": "<div class="ant-popover ant-popover-pure ant-popover-placement-top"><div class="ant-popover-content"><div class="ant-popover-arrow"></div><div class="ant-popover-inner" role="tooltip"><div class="ant-popover-title">Title</div><div class="ant-popover-inner-content"><div><p>Content</p><p>Content</p></div></div></div></div></div><div class="ant-popover ant-popover-pure ant-popover-placement-bottomLeft" style="width:250px"><div class="ant-popover-content" style="width:250px"><div class="ant-popover-arrow"></div><div class="ant-popover-inner" role="tooltip"><div class="ant-popover-title">Title</div><div class="ant-popover-inner-content"><div><p>Content</p><p>Content</p></div></div></div></div></div>",
  "type": "demo",
}
`;
