// Jest Snapshot v1, https://goo.gl/fbAQLP

exports[`renders ./components/popover/demo/arrow-point-at-center.tsx extend context correctly 1`] = `
{
  "html": "<button type="button" class="ant-btn ant-btn-default"><span>Align edge / 边缘对齐</span></button><div><div class="ant-popover" style="opacity:0"><div class="ant-popover-content"><div class="ant-popover-arrow"><span class="ant-popover-arrow-content"></span></div><div class="ant-popover-inner" role="tooltip"><div class="ant-popover-title">Title</div><div class="ant-popover-inner-content"><p>Content</p><p>Content</p></div></div></div></div></div><button type="button" class="ant-btn ant-btn-default"><span>Arrow points to center / 箭头指向中心</span></button><div><div class="ant-popover" style="opacity:0"><div class="ant-popover-content"><div class="ant-popover-arrow"><span class="ant-popover-arrow-content"></span></div><div class="ant-popover-inner" role="tooltip"><div class="ant-popover-title">Title</div><div class="ant-popover-inner-content"><p>Content</p><p>Content</p></div></div></div></div></div>",
  "type": "demo",
}
`;

exports[`renders ./components/popover/demo/basic.tsx extend context correctly 1`] = `
{
  "html": "<button type="button" class="ant-btn ant-btn-primary"><span>Hover me</span></button><div><div class="ant-popover" style="opacity:0"><div class="ant-popover-content"><div class="ant-popover-arrow"><span class="ant-popover-arrow-content"></span></div><div class="ant-popover-inner" role="tooltip"><div class="ant-popover-title">Title</div><div class="ant-popover-inner-content"><div><p>Content</p><p>Content</p></div></div></div></div></div></div>",
  "type": "demo",
}
`;

exports[`renders ./components/popover/demo/control.tsx extend context correctly 1`] = `
{
  "html": "<button type="button" class="ant-btn ant-btn-primary"><span>Click me</span></button><div><div class="ant-popover" style="opacity:0"><div class="ant-popover-content"><div class="ant-popover-arrow"><span class="ant-popover-arrow-content"></span></div><div class="ant-popover-inner" role="tooltip"><div class="ant-popover-title">Title</div><div class="ant-popover-inner-content"><a>Close</a></div></div></div></div></div>",
  "type": "demo",
}
`;

exports[`renders ./components/popover/demo/hover-with-click.tsx extend context correctly 1`] = `
{
  "html": "<button type="button" class="ant-btn ant-btn-default"><span>Hover and click / 悬停并单击</span></button><div><div class="ant-popover" style="opacity:0"><div class="ant-popover-content"><div class="ant-popover-arrow"><span class="ant-popover-arrow-content"></span></div><div class="ant-popover-inner" role="tooltip"><div class="ant-popover-title">Click title</div><div class="ant-popover-inner-content"><div><div>This is click content.</div><a>Close</a></div></div></div></div></div></div><div><div class="ant-popover" style="opacity:0"><div class="ant-popover-content"><div class="ant-popover-arrow"><span class="ant-popover-arrow-content"></span></div><div class="ant-popover-inner" role="tooltip"><div class="ant-popover-title">Hover title</div><div class="ant-popover-inner-content"><div>This is hover content.</div></div></div></div></div></div>",
  "type": "demo",
}
`;

exports[`renders ./components/popover/demo/placement.tsx extend context correctly 1`] = `
{
  "html": "<div class="demo"><div style="margin-left:70px;white-space:nowrap"><button type="button" class="ant-btn ant-btn-default"><span>TL</span></button><div><div class="ant-popover" style="opacity:0"><div class="ant-popover-content"><div class="ant-popover-arrow"><span class="ant-popover-arrow-content"></span></div><div class="ant-popover-inner" role="tooltip"><div class="ant-popover-title"><span>Title</span></div><div class="ant-popover-inner-content"><div><p>Content</p><p>Content</p></div></div></div></div></div></div><button type="button" class="ant-btn ant-btn-default"><span>Top</span></button><div><div class="ant-popover" style="opacity:0"><div class="ant-popover-content"><div class="ant-popover-arrow"><span class="ant-popover-arrow-content"></span></div><div class="ant-popover-inner" role="tooltip"><div class="ant-popover-title"><span>Title</span></div><div class="ant-popover-inner-content"><div><p>Content</p><p>Content</p></div></div></div></div></div></div><button type="button" class="ant-btn ant-btn-default"><span>TR</span></button><div><div class="ant-popover" style="opacity:0"><div class="ant-popover-content"><div class="ant-popover-arrow"><span class="ant-popover-arrow-content"></span></div><div class="ant-popover-inner" role="tooltip"><div class="ant-popover-title"><span>Title</span></div><div class="ant-popover-inner-content"><div><p>Content</p><p>Content</p></div></div></div></div></div></div></div><div style="width:70px;float:left"><button type="button" class="ant-btn ant-btn-default"><span>LT</span></button><div><div class="ant-popover" style="opacity:0"><div class="ant-popover-content"><div class="ant-popover-arrow"><span class="ant-popover-arrow-content"></span></div><div class="ant-popover-inner" role="tooltip"><div class="ant-popover-title"><span>Title</span></div><div class="ant-popover-inner-content"><div><p>Content</p><p>Content</p></div></div></div></div></div></div><button type="button" class="ant-btn ant-btn-default"><span>Left</span></button><div><div class="ant-popover" style="opacity:0"><div class="ant-popover-content"><div class="ant-popover-arrow"><span class="ant-popover-arrow-content"></span></div><div class="ant-popover-inner" role="tooltip"><div class="ant-popover-title"><span>Title</span></div><div class="ant-popover-inner-content"><div><p>Content</p><p>Content</p></div></div></div></div></div></div><button type="button" class="ant-btn ant-btn-default"><span>LB</span></button><div><div class="ant-popover" style="opacity:0"><div class="ant-popover-content"><div class="ant-popover-arrow"><span class="ant-popover-arrow-content"></span></div><div class="ant-popover-inner" role="tooltip"><div class="ant-popover-title"><span>Title</span></div><div class="ant-popover-inner-content"><div><p>Content</p><p>Content</p></div></div></div></div></div></div></div><div style="width:70px;margin-left:304px"><button type="button" class="ant-btn ant-btn-default"><span>RT</span></button><div><div class="ant-popover" style="opacity:0"><div class="ant-popover-content"><div class="ant-popover-arrow"><span class="ant-popover-arrow-content"></span></div><div class="ant-popover-inner" role="tooltip"><div class="ant-popover-title"><span>Title</span></div><div class="ant-popover-inner-content"><div><p>Content</p><p>Content</p></div></div></div></div></div></div><button type="button" class="ant-btn ant-btn-default"><span>Right</span></button><div><div class="ant-popover" style="opacity:0"><div class="ant-popover-content"><div class="ant-popover-arrow"><span class="ant-popover-arrow-content"></span></div><div class="ant-popover-inner" role="tooltip"><div class="ant-popover-title"><span>Title</span></div><div class="ant-popover-inner-content"><div><p>Content</p><p>Content</p></div></div></div></div></div></div><button type="button" class="ant-btn ant-btn-default"><span>RB</span></button><div><div class="ant-popover" style="opacity:0"><div class="ant-popover-content"><div class="ant-popover-arrow"><span class="ant-popover-arrow-content"></span></div><div class="ant-popover-inner" role="tooltip"><div class="ant-popover-title"><span>Title</span></div><div class="ant-popover-inner-content"><div><p>Content</p><p>Content</p></div></div></div></div></div></div></div><div style="margin-left:70px;clear:both;white-space:nowrap"><button type="button" class="ant-btn ant-btn-default"><span>BL</span></button><div><div class="ant-popover" style="opacity:0"><div class="ant-popover-content"><div class="ant-popover-arrow"><span class="ant-popover-arrow-content"></span></div><div class="ant-popover-inner" role="tooltip"><div class="ant-popover-title"><span>Title</span></div><div class="ant-popover-inner-content"><div><p>Content</p><p>Content</p></div></div></div></div></div></div><button type="button" class="ant-btn ant-btn-default"><span>Bottom</span></button><div><div class="ant-popover" style="opacity:0"><div class="ant-popover-content"><div class="ant-popover-arrow"><span class="ant-popover-arrow-content"></span></div><div class="ant-popover-inner" role="tooltip"><div class="ant-popover-title"><span>Title</span></div><div class="ant-popover-inner-content"><div><p>Content</p><p>Content</p></div></div></div></div></div></div><button type="button" class="ant-btn ant-btn-default"><span>BR</span></button><div><div class="ant-popover" style="opacity:0"><div class="ant-popover-content"><div class="ant-popover-arrow"><span class="ant-popover-arrow-content"></span></div><div class="ant-popover-inner" role="tooltip"><div class="ant-popover-title"><span>Title</span></div><div class="ant-popover-inner-content"><div><p>Content</p><p>Content</p></div></div></div></div></div></div></div></div>",
  "type": "demo",
}
`;

exports[`renders ./components/popover/demo/render-panel.tsx extend context correctly 1`] = `
{
  "html": "<div class="ant-popover ant-popover-pure ant-popover-placement-top"><div class="ant-popover-content"><div class="ant-popover-arrow"></div><div class="ant-popover-inner" role="tooltip"><div class="ant-popover-title">Title</div><div class="ant-popover-inner-content"><div><p>Content</p><p>Content</p></div></div></div></div></div><div class="ant-popover ant-popover-pure ant-popover-placement-bottomLeft" style="width:250px"><div class="ant-popover-content" style="width:250px"><div class="ant-popover-arrow"></div><div class="ant-popover-inner" role="tooltip"><div class="ant-popover-title">Title</div><div class="ant-popover-inner-content"><div><p>Content</p><p>Content</p></div></div></div></div></div>",
  "type": "demo",
}
`;

exports[`renders ./components/popover/demo/triggerType.tsx extend context correctly 1`] = `
{
  "html": "<div><button type="button" class="ant-btn ant-btn-default"><span>Hover me</span></button><div><div class="ant-popover" style="opacity:0"><div class="ant-popover-content"><div class="ant-popover-arrow"><span class="ant-popover-arrow-content"></span></div><div class="ant-popover-inner" role="tooltip"><div class="ant-popover-title">Title</div><div class="ant-popover-inner-content"><div><p>Content</p><p>Content</p></div></div></div></div></div></div><button type="button" class="ant-btn ant-btn-default"><span>Focus me</span></button><div><div class="ant-popover" style="opacity:0"><div class="ant-popover-content"><div class="ant-popover-arrow"><span class="ant-popover-arrow-content"></span></div><div class="ant-popover-inner" role="tooltip"><div class="ant-popover-title">Title</div><div class="ant-popover-inner-content"><div><p>Content</p><p>Content</p></div></div></div></div></div></div><button type="button" class="ant-btn ant-btn-default"><span>Click me</span></button><div><div class="ant-popover" style="opacity:0"><div class="ant-popover-content"><div class="ant-popover-arrow"><span class="ant-popover-arrow-content"></span></div><div class="ant-popover-inner" role="tooltip"><div class="ant-popover-title">Title</div><div class="ant-popover-inner-content"><div><p>Content</p><p>Content</p></div></div></div></div></div></div></div>",
  "type": "demo",
}
`;

exports[`renders ./components/popover/demo/wireframe.tsx extend context correctly 1`] = `
{
  "html": "<div class="ant-popover ant-popover-pure ant-popover-placement-top"><div class="ant-popover-content"><div class="ant-popover-arrow"></div><div class="ant-popover-inner" role="tooltip"><div class="ant-popover-title">Title</div><div class="ant-popover-inner-content"><div><p>Content</p><p>Content</p></div></div></div></div></div><div class="ant-popover ant-popover-pure ant-popover-placement-bottomLeft" style="width:250px"><div class="ant-popover-content" style="width:250px"><div class="ant-popover-arrow"></div><div class="ant-popover-inner" role="tooltip"><div class="ant-popover-title">Title</div><div class="ant-popover-inner-content"><div><p>Content</p><p>Content</p></div></div></div></div></div>",
  "type": "demo",
}
`;
