// Jest Snapshot v1, https://goo.gl/fbAQLP

exports[`Dropdown overlay is function and has custom transitionName 1`] = `
<button
  class="ant-dropdown-trigger ant-dropdown-open"
  type="button"
>
  button
</button>
`;

exports[`Dropdown overlay is string 1`] = `
<button
  class="ant-dropdown-trigger ant-dropdown-open"
  type="button"
>
  button
</button>
`;

exports[`Dropdown rtl render component should be rendered correctly in RTL direction 1`] = `
<span
  class="ant-dropdown-trigger ant-dropdown-rtl"
/>
`;
