// Jest Snapshot v1, https://goo.gl/fbAQLP

exports[`BackTop rtl render component should be rendered correctly in RTL direction 1`] = `
<div
  class="ant-float-btn ant-float-btn-default ant-float-btn-circle ant-float-btn-rtl"
>
  <div
    class="ant-float-btn-body"
  >
    <div
      class="ant-float-btn-content"
    >
      <div
        class="ant-float-btn-content"
      >
        <div
          class="ant-float-btn-icon ant-float-btn-default-icon"
        >
          <span
            aria-label="vertical-align-top"
            class="anticon anticon-vertical-align-top"
            role="img"
          >
            <svg
              aria-hidden="true"
              data-icon="vertical-align-top"
              fill="currentColor"
              focusable="false"
              height="1em"
              viewBox="64 64 896 896"
              width="1em"
            >
              <path
                d="M859.9 168H164.1c-4.5 0-8.1 3.6-8.1 8v60c0 4.4 3.6 8 8.1 8h695.8c4.5 0 8.1-3.6 8.1-8v-60c0-4.4-3.6-8-8.1-8zM518.3 355a8 8 0 00-12.6 0l-112 141.7a7.98 7.98 0 006.3 12.9h73.9V848c0 4.4 3.6 8 8 8h60c4.4 0 8-3.6 8-8V509.7H624c6.7 0 10.4-7.7 6.3-12.9L518.3 355z"
              />
            </svg>
          </span>
        </div>
      </div>
    </div>
  </div>
</div>
`;
