// Jest Snapshot v1, https://goo.gl/fbAQLP

exports[`renders ./components/auto-complete/demo/basic.tsx correctly 1`] = `
{
  "html": "<div class="ant-select ant-select-auto-complete ant-select-single ant-select-show-search" style="width:200px"><div class="ant-select-selector"><span class="ant-select-selection-search"><input type="search" autoComplete="off" class="ant-select-selection-search-input" role="combobox" aria-haspopup="listbox" aria-owns="undefined_list" aria-autocomplete="list" aria-controls="undefined_list" aria-activedescendant="undefined_list_0" value=""/></span><span class="ant-select-selection-placeholder">input here</span></div></div><br/><br/><div class="ant-select ant-select-auto-complete ant-select-single ant-select-show-search" style="width:200px"><div class="ant-select-selector"><span class="ant-select-selection-search"><input type="search" autoComplete="off" class="ant-select-selection-search-input" role="combobox" aria-haspopup="listbox" aria-owns="undefined_list" aria-autocomplete="list" aria-controls="undefined_list" aria-activedescendant="undefined_list_0" value=""/></span><span class="ant-select-selection-placeholder">control mode</span></div></div>",
  "type": "demo",
}
`;

exports[`renders ./components/auto-complete/demo/certain-category.tsx correctly 1`] = `
{
  "html": "<div class="ant-select ant-select-auto-complete ant-select-single ant-select-customize-input ant-select-show-search" style="width:250px"><div class="ant-select-selector"><span class="ant-select-selection-search"><span class="ant-input-group-wrapper ant-input-search ant-input-search-large ant-select-selection-search-input ant-input-group-wrapper-lg"><span class="ant-input-wrapper ant-input-group"><input autoComplete="off" placeholder="input here" type="search" role="combobox" aria-haspopup="listbox" aria-owns="undefined_list" aria-autocomplete="list" aria-controls="undefined_list" aria-activedescendant="undefined_list_0" class="ant-input ant-input-lg" value=""/><span class="ant-input-group-addon"><button type="button" class="ant-btn ant-btn-default ant-btn-lg ant-btn-icon-only ant-input-search-button"><span role="img" aria-label="search" class="anticon anticon-search"><svg viewBox="64 64 896 896" focusable="false" data-icon="search" width="1em" height="1em" fill="currentColor" aria-hidden="true"><path d="M909.6 854.5L649.9 594.8C690.2 542.7 712 479 712 412c0-80.2-31.3-155.4-87.9-212.1-56.6-56.7-132-87.9-212.1-87.9s-155.5 31.3-212.1 87.9C143.2 256.5 112 331.8 112 412c0 80.1 31.3 155.5 87.9 212.1C256.5 680.8 331.8 712 412 712c67 0 130.6-21.8 182.7-62l259.7 259.6a8.2 8.2 0 0011.6 0l43.6-43.5a8.2 8.2 0 000-11.6zM570.4 570.4C528 612.7 471.8 636 412 636s-116-23.3-158.4-65.6C211.3 528 188 471.8 188 412s23.3-116.1 65.6-158.4C296 211.3 352.2 188 412 188s116.1 23.2 158.4 65.6S636 352.2 636 412s-23.3 116.1-65.6 158.4z"></path></svg></span></button></span></span></span></span><span class="ant-select-selection-placeholder"></span></div></div>",
  "type": "demo",
}
`;

exports[`renders ./components/auto-complete/demo/custom.tsx correctly 1`] = `
{
  "html": "<div class="ant-select ant-select-auto-complete ant-select-single ant-select-customize-input ant-select-show-search" style="width:200px"><div class="ant-select-selector"><span class="ant-select-selection-search"><textarea placeholder="input here" type="search" autoComplete="off" role="combobox" aria-haspopup="listbox" aria-owns="undefined_list" aria-autocomplete="list" aria-controls="undefined_list" aria-activedescendant="undefined_list_0" style="height:50px" class="ant-input ant-select-selection-search-input custom"></textarea></span><span class="ant-select-selection-placeholder"></span></div></div>",
  "type": "demo",
}
`;

exports[`renders ./components/auto-complete/demo/form-debug.tsx correctly 1`] = `
{
  "html": "<form style="margin:0 auto" class="ant-form ant-form-horizontal"><div class="ant-form-item"><div class="ant-row ant-form-item-row"><div class="ant-col ant-form-item-label ant-col-xs-24 ant-col-sm-8"><label class="" title="单独 AutoComplete">单独 AutoComplete</label></div><div class="ant-col ant-form-item-control ant-col-xs-24 ant-col-sm-16"><div class="ant-form-item-control-input"><div class="ant-form-item-control-input-content"><div class="ant-select ant-select-in-form-item ant-select-auto-complete ant-select-single ant-select-show-search"><div class="ant-select-selector"><span class="ant-select-selection-search"><input type="search" autoComplete="off" class="ant-select-selection-search-input" role="combobox" aria-haspopup="listbox" aria-owns="undefined_list" aria-autocomplete="list" aria-controls="undefined_list" aria-activedescendant="undefined_list_0" value=""/></span><span class="ant-select-selection-placeholder"></span></div></div></div></div></div></div></div><div class="ant-form-item"><div class="ant-row ant-form-item-row"><div class="ant-col ant-form-item-label ant-col-xs-24 ant-col-sm-8"><label class="" title="单独 TreeSelect">单独 TreeSelect</label></div><div class="ant-col ant-form-item-control ant-col-xs-24 ant-col-sm-16"><div class="ant-form-item-control-input"><div class="ant-form-item-control-input-content"><div class="ant-select ant-tree-select ant-select-in-form-item ant-select-single ant-select-show-arrow"><div class="ant-select-selector"><span class="ant-select-selection-search"><input type="search" autoComplete="off" class="ant-select-selection-search-input" role="combobox" aria-haspopup="listbox" aria-owns="undefined_list" aria-autocomplete="list" aria-controls="undefined_list" readonly="" unselectable="on" style="opacity:0" value=""/></span><span class="ant-select-selection-placeholder"></span></div><span class="ant-select-arrow" style="user-select:none;-webkit-user-select:none" unselectable="on" aria-hidden="true"><span role="img" aria-label="down" class="anticon anticon-down ant-select-suffix"><svg viewBox="64 64 896 896" focusable="false" data-icon="down" width="1em" height="1em" fill="currentColor" aria-hidden="true"><path d="M884 256h-75c-5.1 0-9.9 2.5-12.9 6.6L512 654.2 227.9 262.6c-3-4.1-7.8-6.6-12.9-6.6h-75c-6.5 0-10.3 7.4-6.5 12.7l352.6 486.1c12.8 17.6 39 17.6 51.7 0l352.6-486.1c3.9-5.3.1-12.7-6.4-12.7z"></path></svg></span></span></div></div></div></div></div></div><div class="ant-form-item"><div class="ant-row ant-form-item-row"><div class="ant-col ant-form-item-label ant-col-xs-24 ant-col-sm-8"><label class="" title="添加 Input.Group 正常">添加 Input.Group 正常</label></div><div class="ant-col ant-form-item-control ant-col-xs-24 ant-col-sm-16"><div class="ant-form-item-control-input"><div class="ant-form-item-control-input-content"><span class="ant-input-group ant-input-group-compact"><div class="ant-select ant-tree-select ant-select-single ant-select-show-arrow" style="width:30%"><div class="ant-select-selector"><span class="ant-select-selection-search"><input type="search" autoComplete="off" class="ant-select-selection-search-input" role="combobox" aria-haspopup="listbox" aria-owns="undefined_list" aria-autocomplete="list" aria-controls="undefined_list" readonly="" unselectable="on" style="opacity:0" value=""/></span><span class="ant-select-selection-placeholder"></span></div><span class="ant-select-arrow" style="user-select:none;-webkit-user-select:none" unselectable="on" aria-hidden="true"><span role="img" aria-label="down" class="anticon anticon-down ant-select-suffix"><svg viewBox="64 64 896 896" focusable="false" data-icon="down" width="1em" height="1em" fill="currentColor" aria-hidden="true"><path d="M884 256h-75c-5.1 0-9.9 2.5-12.9 6.6L512 654.2 227.9 262.6c-3-4.1-7.8-6.6-12.9-6.6h-75c-6.5 0-10.3 7.4-6.5 12.7l352.6 486.1c12.8 17.6 39 17.6 51.7 0l352.6-486.1c3.9-5.3.1-12.7-6.4-12.7z"></path></svg></span></span></div><div class="ant-select ant-select-auto-complete ant-select-single ant-select-show-search"><div class="ant-select-selector"><span class="ant-select-selection-search"><input type="search" autoComplete="off" class="ant-select-selection-search-input" role="combobox" aria-haspopup="listbox" aria-owns="undefined_list" aria-autocomplete="list" aria-controls="undefined_list" aria-activedescendant="undefined_list_0" value=""/></span><span class="ant-select-selection-placeholder"></span></div></div></span></div></div></div></div></div><div class="ant-form-item"><div class="ant-row ant-form-item-row"><div class="ant-col ant-form-item-label ant-col-xs-24 ant-col-sm-8"><label class="" title="包含 search 图标正常">包含 search 图标正常</label></div><div class="ant-col ant-form-item-control ant-col-xs-24 ant-col-sm-16"><div class="ant-form-item-control-input"><div class="ant-form-item-control-input-content"><div class="ant-select ant-select-in-form-item ant-select-auto-complete ant-select-single ant-select-customize-input ant-select-show-search"><div class="ant-select-selector"><span class="ant-select-selection-search"><span class="ant-input-affix-wrapper ant-select-selection-search-input"><input autoComplete="off" type="search" role="combobox" aria-haspopup="listbox" aria-owns="undefined_list" aria-autocomplete="list" aria-controls="undefined_list" aria-activedescendant="undefined_list_0" class="ant-input" value=""/><span class="ant-input-suffix"><span role="img" aria-label="search" class="anticon anticon-search"><svg viewBox="64 64 896 896" focusable="false" data-icon="search" width="1em" height="1em" fill="currentColor" aria-hidden="true"><path d="M909.6 854.5L649.9 594.8C690.2 542.7 712 479 712 412c0-80.2-31.3-155.4-87.9-212.1-56.6-56.7-132-87.9-212.1-87.9s-155.5 31.3-212.1 87.9C143.2 256.5 112 331.8 112 412c0 80.1 31.3 155.5 87.9 212.1C256.5 680.8 331.8 712 412 712c67 0 130.6-21.8 182.7-62l259.7 259.6a8.2 8.2 0 0011.6 0l43.6-43.5a8.2 8.2 0 000-11.6zM570.4 570.4C528 612.7 471.8 636 412 636s-116-23.3-158.4-65.6C211.3 528 188 471.8 188 412s23.3-116.1 65.6-158.4C296 211.3 352.2 188 412 188s116.1 23.2 158.4 65.6S636 352.2 636 412s-23.3 116.1-65.6 158.4z"></path></svg></span></span></span></span><span class="ant-select-selection-placeholder"></span></div></div></div></div></div></div></div><div class="ant-form-item"><div class="ant-row ant-form-item-row"><div class="ant-col ant-form-item-label ant-col-xs-24 ant-col-sm-8"><label class="" title="同时有 Input.Group 和图标发生移位">同时有 Input.Group 和图标发生移位</label></div><div class="ant-col ant-form-item-control ant-col-xs-24 ant-col-sm-16"><div class="ant-form-item-control-input"><div class="ant-form-item-control-input-content"><span class="ant-input-group ant-input-group-compact"><div class="ant-select ant-tree-select ant-select-single ant-select-show-arrow" style="width:30%"><div class="ant-select-selector"><span class="ant-select-selection-search"><input type="search" autoComplete="off" class="ant-select-selection-search-input" role="combobox" aria-haspopup="listbox" aria-owns="undefined_list" aria-autocomplete="list" aria-controls="undefined_list" readonly="" unselectable="on" style="opacity:0" value=""/></span><span class="ant-select-selection-placeholder"></span></div><span class="ant-select-arrow" style="user-select:none;-webkit-user-select:none" unselectable="on" aria-hidden="true"><span role="img" aria-label="down" class="anticon anticon-down ant-select-suffix"><svg viewBox="64 64 896 896" focusable="false" data-icon="down" width="1em" height="1em" fill="currentColor" aria-hidden="true"><path d="M884 256h-75c-5.1 0-9.9 2.5-12.9 6.6L512 654.2 227.9 262.6c-3-4.1-7.8-6.6-12.9-6.6h-75c-6.5 0-10.3 7.4-6.5 12.7l352.6 486.1c12.8 17.6 39 17.6 51.7 0l352.6-486.1c3.9-5.3.1-12.7-6.4-12.7z"></path></svg></span></span></div><div class="ant-select ant-select-auto-complete ant-select-single ant-select-customize-input ant-select-show-search"><div class="ant-select-selector"><span class="ant-select-selection-search"><span class="ant-input-affix-wrapper ant-select-selection-search-input"><input autoComplete="off" type="search" role="combobox" aria-haspopup="listbox" aria-owns="undefined_list" aria-autocomplete="list" aria-controls="undefined_list" aria-activedescendant="undefined_list_0" class="ant-input" value=""/><span class="ant-input-suffix"><span role="img" aria-label="search" class="anticon anticon-search"><svg viewBox="64 64 896 896" focusable="false" data-icon="search" width="1em" height="1em" fill="currentColor" aria-hidden="true"><path d="M909.6 854.5L649.9 594.8C690.2 542.7 712 479 712 412c0-80.2-31.3-155.4-87.9-212.1-56.6-56.7-132-87.9-212.1-87.9s-155.5 31.3-212.1 87.9C143.2 256.5 112 331.8 112 412c0 80.1 31.3 155.5 87.9 212.1C256.5 680.8 331.8 712 412 712c67 0 130.6-21.8 182.7-62l259.7 259.6a8.2 8.2 0 0011.6 0l43.6-43.5a8.2 8.2 0 000-11.6zM570.4 570.4C528 612.7 471.8 636 412 636s-116-23.3-158.4-65.6C211.3 528 188 471.8 188 412s23.3-116.1 65.6-158.4C296 211.3 352.2 188 412 188s116.1 23.2 158.4 65.6S636 352.2 636 412s-23.3 116.1-65.6 158.4z"></path></svg></span></span></span></span><span class="ant-select-selection-placeholder"></span></div></div></span></div></div></div></div></div><div class="ant-form-item"><div class="ant-row ant-form-item-row"><div class="ant-col ant-form-item-label ant-col-xs-24 ant-col-sm-8"><label class="" title="同时有 Input.Group 和 Search 组件发生移位">同时有 Input.Group 和 Search 组件发生移位</label></div><div class="ant-col ant-form-item-control ant-col-xs-24 ant-col-sm-16"><div class="ant-form-item-control-input"><div class="ant-form-item-control-input-content"><span class="ant-input-group ant-input-group-compact"><div class="ant-select ant-tree-select ant-select-single ant-select-show-arrow" style="width:30%"><div class="ant-select-selector"><span class="ant-select-selection-search"><input type="search" autoComplete="off" class="ant-select-selection-search-input" role="combobox" aria-haspopup="listbox" aria-owns="undefined_list" aria-autocomplete="list" aria-controls="undefined_list" readonly="" unselectable="on" style="opacity:0" value=""/></span><span class="ant-select-selection-placeholder"></span></div><span class="ant-select-arrow" style="user-select:none;-webkit-user-select:none" unselectable="on" aria-hidden="true"><span role="img" aria-label="down" class="anticon anticon-down ant-select-suffix"><svg viewBox="64 64 896 896" focusable="false" data-icon="down" width="1em" height="1em" fill="currentColor" aria-hidden="true"><path d="M884 256h-75c-5.1 0-9.9 2.5-12.9 6.6L512 654.2 227.9 262.6c-3-4.1-7.8-6.6-12.9-6.6h-75c-6.5 0-10.3 7.4-6.5 12.7l352.6 486.1c12.8 17.6 39 17.6 51.7 0l352.6-486.1c3.9-5.3.1-12.7-6.4-12.7z"></path></svg></span></span></div><div class="ant-select ant-select-auto-complete ant-select-single ant-select-customize-input ant-select-show-search"><div class="ant-select-selector"><span class="ant-select-selection-search"><span class="ant-input-group-wrapper ant-input-search ant-select-selection-search-input"><span class="ant-input-wrapper ant-input-group"><input autoComplete="off" type="search" role="combobox" aria-haspopup="listbox" aria-owns="undefined_list" aria-autocomplete="list" aria-controls="undefined_list" aria-activedescendant="undefined_list_0" class="ant-input" value=""/><span class="ant-input-group-addon"><button type="button" class="ant-btn ant-btn-default ant-btn-icon-only ant-input-search-button"><span role="img" aria-label="search" class="anticon anticon-search"><svg viewBox="64 64 896 896" focusable="false" data-icon="search" width="1em" height="1em" fill="currentColor" aria-hidden="true"><path d="M909.6 854.5L649.9 594.8C690.2 542.7 712 479 712 412c0-80.2-31.3-155.4-87.9-212.1-56.6-56.7-132-87.9-212.1-87.9s-155.5 31.3-212.1 87.9C143.2 256.5 112 331.8 112 412c0 80.1 31.3 155.5 87.9 212.1C256.5 680.8 331.8 712 412 712c67 0 130.6-21.8 182.7-62l259.7 259.6a8.2 8.2 0 0011.6 0l43.6-43.5a8.2 8.2 0 000-11.6zM570.4 570.4C528 612.7 471.8 636 412 636s-116-23.3-158.4-65.6C211.3 528 188 471.8 188 412s23.3-116.1 65.6-158.4C296 211.3 352.2 188 412 188s116.1 23.2 158.4 65.6S636 352.2 636 412s-23.3 116.1-65.6 158.4z"></path></svg></span></button></span></span></span></span><span class="ant-select-selection-placeholder"></span></div></div></span></div></div></div></div></div><div class="ant-form-item"><div class="ant-row ant-form-item-row"><div class="ant-col ant-form-item-label ant-col-xs-24 ant-col-sm-8"><label class="" title="Input Group 和 Button 结合">Input Group 和 Button 结合</label></div><div class="ant-col ant-form-item-control ant-col-xs-24 ant-col-sm-16"><div class="ant-form-item-control-input"><div class="ant-form-item-control-input-content"><span class="ant-input-group ant-input-group-compact"><div class="ant-select ant-tree-select ant-select-single ant-select-show-arrow" style="width:20%"><div class="ant-select-selector"><span class="ant-select-selection-search"><input type="search" autoComplete="off" class="ant-select-selection-search-input" role="combobox" aria-haspopup="listbox" aria-owns="undefined_list" aria-autocomplete="list" aria-controls="undefined_list" readonly="" unselectable="on" style="opacity:0" value=""/></span><span class="ant-select-selection-placeholder"></span></div><span class="ant-select-arrow" style="user-select:none;-webkit-user-select:none" unselectable="on" aria-hidden="true"><span role="img" aria-label="down" class="anticon anticon-down ant-select-suffix"><svg viewBox="64 64 896 896" focusable="false" data-icon="down" width="1em" height="1em" fill="currentColor" aria-hidden="true"><path d="M884 256h-75c-5.1 0-9.9 2.5-12.9 6.6L512 654.2 227.9 262.6c-3-4.1-7.8-6.6-12.9-6.6h-75c-6.5 0-10.3 7.4-6.5 12.7l352.6 486.1c12.8 17.6 39 17.6 51.7 0l352.6-486.1c3.9-5.3.1-12.7-6.4-12.7z"></path></svg></span></span></div><div class="ant-select ant-select-auto-complete ant-select-single ant-select-customize-input ant-select-show-search"><div class="ant-select-selector"><span class="ant-select-selection-search"><span class="ant-input-group-wrapper ant-input-search ant-select-selection-search-input"><span class="ant-input-wrapper ant-input-group"><input autoComplete="off" type="search" role="combobox" aria-haspopup="listbox" aria-owns="undefined_list" aria-autocomplete="list" aria-controls="undefined_list" aria-activedescendant="undefined_list_0" class="ant-input" value=""/><span class="ant-input-group-addon"><button type="button" class="ant-btn ant-btn-default ant-btn-icon-only ant-input-search-button"><span role="img" aria-label="search" class="anticon anticon-search"><svg viewBox="64 64 896 896" focusable="false" data-icon="search" width="1em" height="1em" fill="currentColor" aria-hidden="true"><path d="M909.6 854.5L649.9 594.8C690.2 542.7 712 479 712 412c0-80.2-31.3-155.4-87.9-212.1-56.6-56.7-132-87.9-212.1-87.9s-155.5 31.3-212.1 87.9C143.2 256.5 112 331.8 112 412c0 80.1 31.3 155.5 87.9 212.1C256.5 680.8 331.8 712 412 712c67 0 130.6-21.8 182.7-62l259.7 259.6a8.2 8.2 0 0011.6 0l43.6-43.5a8.2 8.2 0 000-11.6zM570.4 570.4C528 612.7 471.8 636 412 636s-116-23.3-158.4-65.6C211.3 528 188 471.8 188 412s23.3-116.1 65.6-158.4C296 211.3 352.2 188 412 188s116.1 23.2 158.4 65.6S636 352.2 636 412s-23.3 116.1-65.6 158.4z"></path></svg></span></button></span></span></span></span><span class="ant-select-selection-placeholder"></span></div></div><button type="button" class="ant-btn ant-btn-primary"><span role="img" aria-label="search" class="anticon anticon-search"><svg viewBox="64 64 896 896" focusable="false" data-icon="search" width="1em" height="1em" fill="currentColor" aria-hidden="true"><path d="M909.6 854.5L649.9 594.8C690.2 542.7 712 479 712 412c0-80.2-31.3-155.4-87.9-212.1-56.6-56.7-132-87.9-212.1-87.9s-155.5 31.3-212.1 87.9C143.2 256.5 112 331.8 112 412c0 80.1 31.3 155.5 87.9 212.1C256.5 680.8 331.8 712 412 712c67 0 130.6-21.8 182.7-62l259.7 259.6a8.2 8.2 0 0011.6 0l43.6-43.5a8.2 8.2 0 000-11.6zM570.4 570.4C528 612.7 471.8 636 412 636s-116-23.3-158.4-65.6C211.3 528 188 471.8 188 412s23.3-116.1 65.6-158.4C296 211.3 352.2 188 412 188s116.1 23.2 158.4 65.6S636 352.2 636 412s-23.3 116.1-65.6 158.4z"></path></svg></span><span>Search</span></button></span></div></div></div></div></div></form>",
  "type": "demo",
}
`;

exports[`renders ./components/auto-complete/demo/non-case-sensitive.tsx correctly 1`] = `
{
  "html": "<div class="ant-select ant-select-auto-complete ant-select-single ant-select-show-search" style="width:200px"><div class="ant-select-selector"><span class="ant-select-selection-search"><input type="search" autoComplete="off" class="ant-select-selection-search-input" role="combobox" aria-haspopup="listbox" aria-owns="undefined_list" aria-autocomplete="list" aria-controls="undefined_list" aria-activedescendant="undefined_list_0" value=""/></span><span class="ant-select-selection-placeholder">try to type \`b\`</span></div></div>",
  "type": "demo",
}
`;

exports[`renders ./components/auto-complete/demo/options.tsx correctly 1`] = `
{
  "html": "<div class="ant-select ant-select-auto-complete ant-select-single ant-select-show-search" style="width:200px"><div class="ant-select-selector"><span class="ant-select-selection-search"><input type="search" autoComplete="off" class="ant-select-selection-search-input" role="combobox" aria-haspopup="listbox" aria-owns="undefined_list" aria-autocomplete="list" aria-controls="undefined_list" aria-activedescendant="undefined_list_0" value=""/></span><span class="ant-select-selection-placeholder">input here</span></div></div>",
  "type": "demo",
}
`;

exports[`renders ./components/auto-complete/demo/render-panel.tsx correctly 1`] = `
{
  "html": "<div class="ant-space ant-space-vertical" style="display:flex"><div class="ant-space-item" style="margin-bottom:8px"><button type="button" role="switch" aria-checked="false" class="ant-switch"><div class="ant-switch-handle"></div><span class="ant-switch-inner"><span class="ant-switch-inner-checked"></span><span class="ant-switch-inner-unchecked"></span></span></button></div><div class="ant-space-item"><div style="padding-bottom:0;position:relative;width:fit-content;min-width:0"><div class="ant-select ant-select-auto-complete ant-select-single ant-select-show-search" style="width:120px;margin:0"><div class="ant-select-selector"><span class="ant-select-selection-search"><input type="search" autoComplete="off" class="ant-select-selection-search-input" role="combobox" aria-expanded="false" aria-haspopup="listbox" aria-owns="undefined_list" aria-autocomplete="list" aria-controls="undefined_list" aria-activedescendant="undefined_list_0" value="lucy"/></span></div></div></div></div></div>",
  "type": "demo",
}
`;

exports[`renders ./components/auto-complete/demo/status.tsx correctly 1`] = `
{
  "html": "<div class="ant-space ant-space-vertical" style="width:100%"><div class="ant-space-item" style="margin-bottom:8px"><div class="ant-select ant-select-status-error ant-select-auto-complete ant-select-single ant-select-show-search" style="width:200px"><div class="ant-select-selector"><span class="ant-select-selection-search"><input type="search" autoComplete="off" class="ant-select-selection-search-input" role="combobox" aria-haspopup="listbox" aria-owns="undefined_list" aria-autocomplete="list" aria-controls="undefined_list" aria-activedescendant="undefined_list_0" value=""/></span><span class="ant-select-selection-placeholder"></span></div></div></div><div class="ant-space-item"><div class="ant-select ant-select-status-warning ant-select-auto-complete ant-select-single ant-select-show-search" style="width:200px"><div class="ant-select-selector"><span class="ant-select-selection-search"><input type="search" autoComplete="off" class="ant-select-selection-search-input" role="combobox" aria-haspopup="listbox" aria-owns="undefined_list" aria-autocomplete="list" aria-controls="undefined_list" aria-activedescendant="undefined_list_0" value=""/></span><span class="ant-select-selection-placeholder"></span></div></div></div></div>",
  "type": "demo",
}
`;

exports[`renders ./components/auto-complete/demo/uncertain-category.tsx correctly 1`] = `
{
  "html": "<div class="ant-select ant-select-auto-complete ant-select-single ant-select-customize-input ant-select-show-search" style="width:300px"><div class="ant-select-selector"><span class="ant-select-selection-search"><span class="ant-input-group-wrapper ant-input-search ant-input-search-large ant-input-search-with-button ant-select-selection-search-input ant-input-group-wrapper-lg"><span class="ant-input-wrapper ant-input-group"><input autoComplete="off" placeholder="input here" type="search" role="combobox" aria-haspopup="listbox" aria-owns="undefined_list" aria-autocomplete="list" aria-controls="undefined_list" aria-activedescendant="undefined_list_0" class="ant-input ant-input-lg" value=""/><span class="ant-input-group-addon"><button type="button" class="ant-btn ant-btn-primary ant-btn-lg ant-input-search-button"><span role="img" aria-label="search" class="anticon anticon-search"><svg viewBox="64 64 896 896" focusable="false" data-icon="search" width="1em" height="1em" fill="currentColor" aria-hidden="true"><path d="M909.6 854.5L649.9 594.8C690.2 542.7 712 479 712 412c0-80.2-31.3-155.4-87.9-212.1-56.6-56.7-132-87.9-212.1-87.9s-155.5 31.3-212.1 87.9C143.2 256.5 112 331.8 112 412c0 80.1 31.3 155.5 87.9 212.1C256.5 680.8 331.8 712 412 712c67 0 130.6-21.8 182.7-62l259.7 259.6a8.2 8.2 0 0011.6 0l43.6-43.5a8.2 8.2 0 000-11.6zM570.4 570.4C528 612.7 471.8 636 412 636s-116-23.3-158.4-65.6C211.3 528 188 471.8 188 412s23.3-116.1 65.6-158.4C296 211.3 352.2 188 412 188s116.1 23.2 158.4 65.6S636 352.2 636 412s-23.3 116.1-65.6 158.4z"></path></svg></span></button></span></span></span></span><span class="ant-select-selection-placeholder"></span></div></div>",
  "type": "demo",
}
`;
