// Jest Snapshot v1, https://goo.gl/fbAQLP

exports[`renders ./components/tree-select/demo/async.tsx correctly 1`] = `
{
  "html": "<div class="ant-select ant-tree-select ant-select-single ant-select-show-arrow" style="width:100%"><div class="ant-select-selector"><span class="ant-select-selection-search"><input type="search" autoComplete="off" class="ant-select-selection-search-input" role="combobox" aria-haspopup="listbox" aria-owns="undefined_list" aria-autocomplete="list" aria-controls="undefined_list" readonly="" unselectable="on" style="opacity:0" value=""/></span><span class="ant-select-selection-placeholder">Please select</span></div><span class="ant-select-arrow" style="user-select:none;-webkit-user-select:none" unselectable="on" aria-hidden="true"><span role="img" aria-label="down" class="anticon anticon-down ant-select-suffix"><svg viewBox="64 64 896 896" focusable="false" data-icon="down" width="1em" height="1em" fill="currentColor" aria-hidden="true"><path d="M884 256h-75c-5.1 0-9.9 2.5-12.9 6.6L512 654.2 227.9 262.6c-3-4.1-7.8-6.6-12.9-6.6h-75c-6.5 0-10.3 7.4-6.5 12.7l352.6 486.1c12.8 17.6 39 17.6 51.7 0l352.6-486.1c3.9-5.3.1-12.7-6.4-12.7z"></path></svg></span></span></div>",
  "type": "demo",
}
`;

exports[`renders ./components/tree-select/demo/basic.tsx correctly 1`] = `
{
  "html": "<div class="ant-select ant-tree-select ant-select-single ant-select-allow-clear ant-select-show-arrow ant-select-show-search" style="width:100%"><div class="ant-select-selector"><span class="ant-select-selection-search"><input type="search" autoComplete="off" class="ant-select-selection-search-input" role="combobox" aria-haspopup="listbox" aria-owns="undefined_list" aria-autocomplete="list" aria-controls="undefined_list" value=""/></span><span class="ant-select-selection-placeholder">Please select</span></div><span class="ant-select-arrow" style="user-select:none;-webkit-user-select:none" unselectable="on" aria-hidden="true"><span role="img" aria-label="down" class="anticon anticon-down ant-select-suffix"><svg viewBox="64 64 896 896" focusable="false" data-icon="down" width="1em" height="1em" fill="currentColor" aria-hidden="true"><path d="M884 256h-75c-5.1 0-9.9 2.5-12.9 6.6L512 654.2 227.9 262.6c-3-4.1-7.8-6.6-12.9-6.6h-75c-6.5 0-10.3 7.4-6.5 12.7l352.6 486.1c12.8 17.6 39 17.6 51.7 0l352.6-486.1c3.9-5.3.1-12.7-6.4-12.7z"></path></svg></span></span></div>",
  "type": "demo",
}
`;

exports[`renders ./components/tree-select/demo/checkable.tsx correctly 1`] = `
{
  "html": "<div class="ant-select ant-tree-select ant-select-multiple ant-select-show-search" style="width:100%"><div class="ant-select-selector"><div class="ant-select-selection-overflow"><div class="ant-select-selection-overflow-item" style="opacity:1"><span class="ant-select-selection-item" title="Node1"><span class="ant-select-selection-item-content">Node1</span><span class="ant-select-selection-item-remove" style="user-select:none;-webkit-user-select:none" unselectable="on" aria-hidden="true"><span role="img" aria-label="close" class="anticon anticon-close"><svg viewBox="64 64 896 896" focusable="false" data-icon="close" width="1em" height="1em" fill="currentColor" aria-hidden="true"><path d="M563.8 512l262.5-312.9c4.4-5.2.7-13.1-6.1-13.1h-79.8c-4.7 0-9.2 2.1-12.3 5.7L511.6 449.8 295.1 191.7c-3-3.6-7.5-5.7-12.3-5.7H203c-6.8 0-10.5 7.9-6.1 13.1L459.4 512 196.9 824.9A7.95 7.95 0 00203 838h79.8c4.7 0 9.2-2.1 12.3-5.7l216.5-258.1 216.5 258.1c3 3.6 7.5 5.7 12.3 5.7h79.8c6.8 0 10.5-7.9 6.1-13.1L563.8 512z"></path></svg></span></span></span></div><div class="ant-select-selection-overflow-item ant-select-selection-overflow-item-suffix" style="opacity:1"><div class="ant-select-selection-search" style="width:0"><input type="search" autoComplete="off" class="ant-select-selection-search-input" role="combobox" aria-haspopup="listbox" aria-owns="undefined_list" aria-autocomplete="list" aria-controls="undefined_list" readonly="" unselectable="on" style="opacity:0" value=""/><span class="ant-select-selection-search-mirror" aria-hidden="true"> </span></div></div></div></div></div>",
  "type": "demo",
}
`;

exports[`renders ./components/tree-select/demo/multiple.tsx correctly 1`] = `
{
  "html": "<div class="ant-select ant-tree-select ant-select-multiple ant-select-allow-clear ant-select-show-search" style="width:100%"><div class="ant-select-selector"><div class="ant-select-selection-overflow"><div class="ant-select-selection-overflow-item ant-select-selection-overflow-item-suffix" style="opacity:1"><div class="ant-select-selection-search" style="width:0"><input type="search" autoComplete="off" class="ant-select-selection-search-input" role="combobox" aria-haspopup="listbox" aria-owns="undefined_list" aria-autocomplete="list" aria-controls="undefined_list" readonly="" unselectable="on" style="opacity:0" value=""/><span class="ant-select-selection-search-mirror" aria-hidden="true"> </span></div></div></div><span class="ant-select-selection-placeholder">Please select</span></div></div>",
  "type": "demo",
}
`;

exports[`renders ./components/tree-select/demo/placement.tsx correctly 1`] = `
{
  "html": "<div class="ant-radio-group ant-radio-group-outline"><label class="ant-radio-button-wrapper ant-radio-button-wrapper-checked"><span class="ant-radio-button ant-radio-button-checked"><input type="radio" class="ant-radio-button-input" checked="" value="topLeft"/><span class="ant-radio-button-inner"></span></span><span>topLeft</span></label><label class="ant-radio-button-wrapper"><span class="ant-radio-button"><input type="radio" class="ant-radio-button-input" value="topRight"/><span class="ant-radio-button-inner"></span></span><span>topRight</span></label><label class="ant-radio-button-wrapper"><span class="ant-radio-button"><input type="radio" class="ant-radio-button-input" value="bottomLeft"/><span class="ant-radio-button-inner"></span></span><span>bottomLeft</span></label><label class="ant-radio-button-wrapper"><span class="ant-radio-button"><input type="radio" class="ant-radio-button-input" value="bottomRight"/><span class="ant-radio-button-inner"></span></span><span>bottomRight</span></label></div><br/><br/><div class="ant-select ant-tree-select ant-select-single ant-select-allow-clear ant-select-show-arrow ant-select-show-search"><div class="ant-select-selector"><span class="ant-select-selection-search"><input type="search" autoComplete="off" class="ant-select-selection-search-input" role="combobox" aria-haspopup="listbox" aria-owns="undefined_list" aria-autocomplete="list" aria-controls="undefined_list" value=""/></span><span class="ant-select-selection-placeholder">Please select</span></div><span class="ant-select-arrow" style="user-select:none;-webkit-user-select:none" unselectable="on" aria-hidden="true"><span role="img" aria-label="down" class="anticon anticon-down ant-select-suffix"><svg viewBox="64 64 896 896" focusable="false" data-icon="down" width="1em" height="1em" fill="currentColor" aria-hidden="true"><path d="M884 256h-75c-5.1 0-9.9 2.5-12.9 6.6L512 654.2 227.9 262.6c-3-4.1-7.8-6.6-12.9-6.6h-75c-6.5 0-10.3 7.4-6.5 12.7l352.6 486.1c12.8 17.6 39 17.6 51.7 0l352.6-486.1c3.9-5.3.1-12.7-6.4-12.7z"></path></svg></span></span></div>",
  "type": "demo",
}
`;

exports[`renders ./components/tree-select/demo/render-panel.tsx correctly 1`] = `
{
  "html": "<div style="padding-bottom:0;position:relative;width:fit-content;min-width:0"><div class="ant-select ant-tree-select ant-select-single ant-select-show-arrow" style="width:100%;margin:0"><div class="ant-select-selector"><span class="ant-select-selection-search"><input type="search" autoComplete="off" class="ant-select-selection-search-input" role="combobox" aria-expanded="false" aria-haspopup="listbox" aria-owns="undefined_list" aria-autocomplete="list" aria-controls="undefined_list" readonly="" unselectable="on" style="opacity:0" value=""/></span><span class="ant-select-selection-item" title="lucy">lucy</span></div><span class="ant-select-arrow" style="user-select:none;-webkit-user-select:none" unselectable="on" aria-hidden="true"><span role="img" aria-label="down" class="anticon anticon-down ant-select-suffix"><svg viewBox="64 64 896 896" focusable="false" data-icon="down" width="1em" height="1em" fill="currentColor" aria-hidden="true"><path d="M884 256h-75c-5.1 0-9.9 2.5-12.9 6.6L512 654.2 227.9 262.6c-3-4.1-7.8-6.6-12.9-6.6h-75c-6.5 0-10.3 7.4-6.5 12.7l352.6 486.1c12.8 17.6 39 17.6 51.7 0l352.6-486.1c3.9-5.3.1-12.7-6.4-12.7z"></path></svg></span></span></div></div>",
  "type": "demo",
}
`;

exports[`renders ./components/tree-select/demo/status.tsx correctly 1`] = `
{
  "html": "<div class="ant-space ant-space-vertical" style="width:100%"><div class="ant-space-item" style="margin-bottom:8px"><div class="ant-select ant-tree-select ant-select-status-error ant-select-single ant-select-show-arrow" style="width:100%"><div class="ant-select-selector"><span class="ant-select-selection-search"><input type="search" autoComplete="off" class="ant-select-selection-search-input" role="combobox" aria-haspopup="listbox" aria-owns="undefined_list" aria-autocomplete="list" aria-controls="undefined_list" readonly="" unselectable="on" style="opacity:0" value=""/></span><span class="ant-select-selection-placeholder">Error</span></div><span class="ant-select-arrow" style="user-select:none;-webkit-user-select:none" unselectable="on" aria-hidden="true"><span role="img" aria-label="down" class="anticon anticon-down ant-select-suffix"><svg viewBox="64 64 896 896" focusable="false" data-icon="down" width="1em" height="1em" fill="currentColor" aria-hidden="true"><path d="M884 256h-75c-5.1 0-9.9 2.5-12.9 6.6L512 654.2 227.9 262.6c-3-4.1-7.8-6.6-12.9-6.6h-75c-6.5 0-10.3 7.4-6.5 12.7l352.6 486.1c12.8 17.6 39 17.6 51.7 0l352.6-486.1c3.9-5.3.1-12.7-6.4-12.7z"></path></svg></span></span></div></div><div class="ant-space-item"><div class="ant-select ant-tree-select ant-select-status-warning ant-select-multiple ant-select-show-search" style="width:100%"><div class="ant-select-selector"><div class="ant-select-selection-overflow"><div class="ant-select-selection-overflow-item ant-select-selection-overflow-item-suffix" style="opacity:1"><div class="ant-select-selection-search" style="width:0"><input type="search" autoComplete="off" class="ant-select-selection-search-input" role="combobox" aria-haspopup="listbox" aria-owns="undefined_list" aria-autocomplete="list" aria-controls="undefined_list" readonly="" unselectable="on" style="opacity:0" value=""/><span class="ant-select-selection-search-mirror" aria-hidden="true"> </span></div></div></div><span class="ant-select-selection-placeholder">Warning multiple</span></div></div></div></div>",
  "type": "demo",
}
`;

exports[`renders ./components/tree-select/demo/suffix.tsx correctly 1`] = `
{
  "html": "<div class="ant-select ant-tree-select ant-select-single ant-select-allow-clear ant-select-show-arrow ant-select-show-search" style="width:100%"><div class="ant-select-selector"><span class="ant-select-selection-search"><input type="search" autoComplete="off" class="ant-select-selection-search-input" role="combobox" aria-haspopup="listbox" aria-owns="undefined_list" aria-autocomplete="list" aria-controls="undefined_list" value=""/></span><span class="ant-select-selection-placeholder">Please select</span></div><span class="ant-select-arrow" style="user-select:none;-webkit-user-select:none" unselectable="on" aria-hidden="true"><span role="img" aria-label="smile" class="anticon anticon-smile"><svg viewBox="64 64 896 896" focusable="false" data-icon="smile" width="1em" height="1em" fill="currentColor" aria-hidden="true"><path d="M288 421a48 48 0 1096 0 48 48 0 10-96 0zm352 0a48 48 0 1096 0 48 48 0 10-96 0zM512 64C264.6 64 64 264.6 64 512s200.6 448 448 448 448-200.6 448-448S759.4 64 512 64zm263 711c-34.2 34.2-74 61-118.3 79.8C611 874.2 562.3 884 512 884c-50.3 0-99-9.8-144.8-29.2A370.4 370.4 0 01248.9 775c-34.2-34.2-61-74-79.8-118.3C149.8 611 140 562.3 140 512s9.8-99 29.2-144.8A370.4 370.4 0 01249 248.9c34.2-34.2 74-61 118.3-79.8C413 149.8 461.7 140 512 140c50.3 0 99 9.8 144.8 29.2A370.4 370.4 0 01775.1 249c34.2 34.2 61 74 79.8 118.3C874.2 413 884 461.7 884 512s-9.8 99-29.2 144.8A368.89 368.89 0 01775 775zM664 533h-48.1c-4.2 0-7.8 3.2-8.1 7.4C604 589.9 562.5 629 512 629s-92.1-39.1-95.8-88.6c-.3-4.2-3.9-7.4-8.1-7.4H360a8 8 0 00-8 8.4c4.4 84.3 74.5 151.6 160 151.6s155.6-67.3 160-151.6a8 8 0 00-8-8.4z"></path></svg></span></span></div>",
  "type": "demo",
}
`;

exports[`renders ./components/tree-select/demo/treeData.tsx correctly 1`] = `
{
  "html": "<div class="ant-select ant-tree-select ant-select-single ant-select-show-arrow" style="width:100%"><div class="ant-select-selector"><span class="ant-select-selection-search"><input type="search" autoComplete="off" class="ant-select-selection-search-input" role="combobox" aria-haspopup="listbox" aria-owns="undefined_list" aria-autocomplete="list" aria-controls="undefined_list" readonly="" unselectable="on" style="opacity:0" value=""/></span><span class="ant-select-selection-placeholder">Please select</span></div><span class="ant-select-arrow" style="user-select:none;-webkit-user-select:none" unselectable="on" aria-hidden="true"><span role="img" aria-label="down" class="anticon anticon-down ant-select-suffix"><svg viewBox="64 64 896 896" focusable="false" data-icon="down" width="1em" height="1em" fill="currentColor" aria-hidden="true"><path d="M884 256h-75c-5.1 0-9.9 2.5-12.9 6.6L512 654.2 227.9 262.6c-3-4.1-7.8-6.6-12.9-6.6h-75c-6.5 0-10.3 7.4-6.5 12.7l352.6 486.1c12.8 17.6 39 17.6 51.7 0l352.6-486.1c3.9-5.3.1-12.7-6.4-12.7z"></path></svg></span></span></div>",
  "type": "demo",
}
`;

exports[`renders ./components/tree-select/demo/treeLine.tsx correctly 1`] = `
{
  "html": "<div class="ant-space ant-space-vertical"><div class="ant-space-item" style="margin-bottom:8px"><button type="button" role="switch" aria-checked="true" class="ant-switch ant-switch-checked"><div class="ant-switch-handle"></div><span class="ant-switch-inner"><span class="ant-switch-inner-checked">treeLine</span><span class="ant-switch-inner-unchecked">treeLine</span></span></button></div><div class="ant-space-item" style="margin-bottom:8px"><button type="button" role="switch" aria-checked="false" class="ant-switch"><div class="ant-switch-handle"></div><span class="ant-switch-inner"><span class="ant-switch-inner-checked">showLeafIcon</span><span class="ant-switch-inner-unchecked">showLeafIcon</span></span></button></div><div class="ant-space-item"><div class="ant-select ant-tree-select ant-select-single ant-select-show-arrow" style="width:300px"><div class="ant-select-selector"><span class="ant-select-selection-search"><input type="search" autoComplete="off" class="ant-select-selection-search-input" role="combobox" aria-haspopup="listbox" aria-owns="undefined_list" aria-autocomplete="list" aria-controls="undefined_list" readonly="" unselectable="on" style="opacity:0" value=""/></span><span class="ant-select-selection-placeholder"></span></div><span class="ant-select-arrow" style="user-select:none;-webkit-user-select:none" unselectable="on" aria-hidden="true"><span role="img" aria-label="down" class="anticon anticon-down ant-select-suffix"><svg viewBox="64 64 896 896" focusable="false" data-icon="down" width="1em" height="1em" fill="currentColor" aria-hidden="true"><path d="M884 256h-75c-5.1 0-9.9 2.5-12.9 6.6L512 654.2 227.9 262.6c-3-4.1-7.8-6.6-12.9-6.6h-75c-6.5 0-10.3 7.4-6.5 12.7l352.6 486.1c12.8 17.6 39 17.6 51.7 0l352.6-486.1c3.9-5.3.1-12.7-6.4-12.7z"></path></svg></span></span></div></div></div>",
  "type": "demo",
}
`;
