// Jest Snapshot v1, https://goo.gl/fbAQLP

exports[`renders ./components/popconfirm/demo/async.tsx correctly 1`] = `
{
  "html": "<button type="button" class="ant-btn ant-btn-primary"><span>Open Popconfirm with async logic</span></button>",
  "type": "demo",
}
`;

exports[`renders ./components/popconfirm/demo/basic.tsx correctly 1`] = `
{
  "html": "<a href="#">Delete</a>",
  "type": "demo",
}
`;

exports[`renders ./components/popconfirm/demo/dynamic-trigger.tsx correctly 1`] = `
{
  "html": "<div><a href="#">Delete a task</a><br/><br/>Whether directly executeï¼š<button type="button" role="switch" aria-checked="true" class="ant-switch ant-switch-checked"><div class="ant-switch-handle"></div><span class="ant-switch-inner"><span class="ant-switch-inner-checked"></span><span class="ant-switch-inner-unchecked"></span></span></button></div>",
  "type": "demo",
}
`;

exports[`renders ./components/popconfirm/demo/icon.tsx correctly 1`] = `
{
  "html": "<a href="#">Delete</a>",
  "type": "demo",
}
`;

exports[`renders ./components/popconfirm/demo/locale.tsx correctly 1`] = `
{
  "html": "<a href="#">Delete</a>",
  "type": "demo",
}
`;

exports[`renders ./components/popconfirm/demo/placement.tsx correctly 1`] = `
{
  "html": "<div class="demo"><div style="margin-left:70px;white-space:nowrap"><button type="button" class="ant-btn ant-btn-default"><span>TL</span></button><button type="button" class="ant-btn ant-btn-default"><span>Top</span></button><button type="button" class="ant-btn ant-btn-default"><span>TR</span></button></div><div style="width:70px;float:left"><button type="button" class="ant-btn ant-btn-default"><span>LT</span></button><button type="button" class="ant-btn ant-btn-default"><span>Left</span></button><button type="button" class="ant-btn ant-btn-default"><span>LB</span></button></div><div style="width:70px;margin-left:304px"><button type="button" class="ant-btn ant-btn-default"><span>RT</span></button><button type="button" class="ant-btn ant-btn-default"><span>Right</span></button><button type="button" class="ant-btn ant-btn-default"><span>RB</span></button></div><div style="margin-left:70px;clear:both;white-space:nowrap"><button type="button" class="ant-btn ant-btn-default"><span>BL</span></button><button type="button" class="ant-btn ant-btn-default"><span>Bottom</span></button><button type="button" class="ant-btn ant-btn-default"><span>BR</span></button></div></div>",
  "type": "demo",
}
`;

exports[`renders ./components/popconfirm/demo/promise.tsx correctly 1`] = `
{
  "html": "<button type="button" class="ant-btn ant-btn-primary"><span>Open Popconfirm with Promise</span></button>",
  "type": "demo",
}
`;

exports[`renders ./components/popconfirm/demo/render-panel.tsx correctly 1`] = `
{
  "html": "<div class="ant-popover ant-popover-pure ant-popover-placement-top ant-popconfirm"><div class="ant-popover-content"><div class="ant-popover-arrow"></div><div class="ant-popover-inner" role="tooltip"><div class="ant-popover-inner-content"><div class="ant-popconfirm-inner-content"><div class="ant-popconfirm-message"><span class="ant-popconfirm-message-icon"><span role="img" aria-label="exclamation-circle" class="anticon anticon-exclamation-circle"><svg viewBox="64 64 896 896" focusable="false" data-icon="exclamation-circle" width="1em" height="1em" fill="currentColor" aria-hidden="true"><path d="M512 64C264.6 64 64 264.6 64 512s200.6 448 448 448 448-200.6 448-448S759.4 64 512 64zm-32 232c0-4.4 3.6-8 8-8h48c4.4 0 8 3.6 8 8v272c0 4.4-3.6 8-8 8h-48c-4.4 0-8-3.6-8-8V296zm32 440a48.01 48.01 0 010-96 48.01 48.01 0 010 96z"></path></svg></span></span><div class="ant-popconfirm-message-title ant-popconfirm-message-title-only">Are you OK?</div></div><div class="ant-popconfirm-description">Does this look good?</div><div class="ant-popconfirm-buttons"><button type="button" class="ant-btn ant-btn-default ant-btn-sm"><span>Cancel</span></button><button type="button" class="ant-btn ant-btn-primary ant-btn-sm"><span>OK</span></button></div></div></div></div></div></div><div class="ant-popover ant-popover-pure ant-popover-placement-bottomRight ant-popconfirm" style="width:250px"><div class="ant-popover-content" style="width:250px"><div class="ant-popover-arrow"></div><div class="ant-popover-inner" role="tooltip"><div class="ant-popover-inner-content"><div class="ant-popconfirm-inner-content"><div class="ant-popconfirm-message"><span class="ant-popconfirm-message-icon"><span role="img" aria-label="exclamation-circle" class="anticon anticon-exclamation-circle"><svg viewBox="64 64 896 896" focusable="false" data-icon="exclamation-circle" width="1em" height="1em" fill="currentColor" aria-hidden="true"><path d="M512 64C264.6 64 64 264.6 64 512s200.6 448 448 448 448-200.6 448-448S759.4 64 512 64zm-32 232c0-4.4 3.6-8 8-8h48c4.4 0 8 3.6 8 8v272c0 4.4-3.6 8-8 8h-48c-4.4 0-8-3.6-8-8V296zm32 440a48.01 48.01 0 010-96 48.01 48.01 0 010 96z"></path></svg></span></span><div class="ant-popconfirm-message-title ant-popconfirm-message-title-only">Are you OK?</div></div><div class="ant-popconfirm-description">Does this look good?</div><div class="ant-popconfirm-buttons"><button type="button" class="ant-btn ant-btn-default ant-btn-sm"><span>Cancel</span></button><button type="button" class="ant-btn ant-btn-primary ant-btn-sm"><span>OK</span></button></div></div></div></div></div></div>",
  "type": "demo",
}
`;

exports[`renders ./components/popconfirm/demo/wireframe.tsx correctly 1`] = `
{
  "html": "<div class="ant-popover ant-popover-pure ant-popover-placement-top ant-popconfirm"><div class="ant-popover-content"><div class="ant-popover-arrow"></div><div class="ant-popover-inner" role="tooltip"><div class="ant-popover-inner-content"><div class="ant-popconfirm-inner-content"><div class="ant-popconfirm-message"><span class="ant-popconfirm-message-icon"><span role="img" aria-label="exclamation-circle" class="anticon anticon-exclamation-circle"><svg viewBox="64 64 896 896" focusable="false" data-icon="exclamation-circle" width="1em" height="1em" fill="currentColor" aria-hidden="true"><path d="M512 64C264.6 64 64 264.6 64 512s200.6 448 448 448 448-200.6 448-448S759.4 64 512 64zm-32 232c0-4.4 3.6-8 8-8h48c4.4 0 8 3.6 8 8v272c0 4.4-3.6 8-8 8h-48c-4.4 0-8-3.6-8-8V296zm32 440a48.01 48.01 0 010-96 48.01 48.01 0 010 96z"></path></svg></span></span><div class="ant-popconfirm-message-title">Are you OK?</div></div><div class="ant-popconfirm-buttons"><button type="button" class="ant-btn ant-btn-default ant-btn-sm"><span>Cancel</span></button><button type="button" class="ant-btn ant-btn-primary ant-btn-sm"><span>OK</span></button></div></div></div></div></div></div><div class="ant-popover ant-popover-pure ant-popover-placement-bottomRight ant-popconfirm" style="width:250px"><div class="ant-popover-content" style="width:250px"><div class="ant-popover-arrow"></div><div class="ant-popover-inner" role="tooltip"><div class="ant-popover-inner-content"><div class="ant-popconfirm-inner-content"><div class="ant-popconfirm-message"><span class="ant-popconfirm-message-icon"><span role="img" aria-label="exclamation-circle" class="anticon anticon-exclamation-circle"><svg viewBox="64 64 896 896" focusable="false" data-icon="exclamation-circle" width="1em" height="1em" fill="currentColor" aria-hidden="true"><path d="M512 64C264.6 64 64 264.6 64 512s200.6 448 448 448 448-200.6 448-448S759.4 64 512 64zm-32 232c0-4.4 3.6-8 8-8h48c4.4 0 8 3.6 8 8v272c0 4.4-3.6 8-8 8h-48c-4.4 0-8-3.6-8-8V296zm32 440a48.01 48.01 0 010-96 48.01 48.01 0 010 96z"></path></svg></span></span><div class="ant-popconfirm-message-title">Are you OK?</div></div><div class="ant-popconfirm-buttons"><button type="button" class="ant-btn ant-btn-default ant-btn-sm"><span>Cancel</span></button><button type="button" class="ant-btn ant-btn-primary ant-btn-sm"><span>OK</span></button></div></div></div></div></div></div>",
  "type": "demo",
}
`;
