// Jest Snapshot v1, https://goo.gl/fbAQLP

exports[`renders ./components/popconfirm/demo/async.tsx extend context correctly 1`] = `
{
  "html": "<button type="button" class="ant-btn ant-btn-primary"><span>Open Popconfirm with async logic</span></button><div><div class="ant-popover ant-popconfirm" style="opacity:0"><div class="ant-popover-content"><div class="ant-popover-arrow"><span class="ant-popover-arrow-content"></span></div><div class="ant-popover-inner" role="tooltip"><div class="ant-popover-inner-content"><div class="ant-popconfirm-inner-content"><div class="ant-popconfirm-message"><span class="ant-popconfirm-message-icon"><span role="img" aria-label="exclamation-circle" class="anticon anticon-exclamation-circle"><svg viewBox="64 64 896 896" focusable="false" data-icon="exclamation-circle" width="1em" height="1em" fill="currentColor" aria-hidden="true"><path d="M512 64C264.6 64 64 264.6 64 512s200.6 448 448 448 448-200.6 448-448S759.4 64 512 64zm-32 232c0-4.4 3.6-8 8-8h48c4.4 0 8 3.6 8 8v272c0 4.4-3.6 8-8 8h-48c-4.4 0-8-3.6-8-8V296zm32 440a48.01 48.01 0 010-96 48.01 48.01 0 010 96z"></path></svg></span></span><div class="ant-popconfirm-message-title ant-popconfirm-message-title-only">Title</div></div><div class="ant-popconfirm-description">Open Popconfirm with async logic</div><div class="ant-popconfirm-buttons"><button type="button" class="ant-btn ant-btn-default ant-btn-sm"><span>Cancel</span></button><button type="button" class="ant-btn ant-btn-primary ant-btn-sm"><span>OK</span></button></div></div></div></div></div></div></div>",
  "type": "demo",
}
`;

exports[`renders ./components/popconfirm/demo/basic.tsx extend context correctly 1`] = `
{
  "html": "<a href="#">Delete</a><div><div class="ant-popover ant-popconfirm" style="opacity:0"><div class="ant-popover-content"><div class="ant-popover-arrow"><span class="ant-popover-arrow-content"></span></div><div class="ant-popover-inner" role="tooltip"><div class="ant-popover-inner-content"><div class="ant-popconfirm-inner-content"><div class="ant-popconfirm-message"><span class="ant-popconfirm-message-icon"><span role="img" aria-label="exclamation-circle" class="anticon anticon-exclamation-circle"><svg viewBox="64 64 896 896" focusable="false" data-icon="exclamation-circle" width="1em" height="1em" fill="currentColor" aria-hidden="true"><path d="M512 64C264.6 64 64 264.6 64 512s200.6 448 448 448 448-200.6 448-448S759.4 64 512 64zm-32 232c0-4.4 3.6-8 8-8h48c4.4 0 8 3.6 8 8v272c0 4.4-3.6 8-8 8h-48c-4.4 0-8-3.6-8-8V296zm32 440a48.01 48.01 0 010-96 48.01 48.01 0 010 96z"></path></svg></span></span><div class="ant-popconfirm-message-title ant-popconfirm-message-title-only">Delete the task</div></div><div class="ant-popconfirm-description">Are you sure to delete this task?</div><div class="ant-popconfirm-buttons"><button type="button" class="ant-btn ant-btn-default ant-btn-sm"><span>No</span></button><button type="button" class="ant-btn ant-btn-primary ant-btn-sm"><span>Yes</span></button></div></div></div></div></div></div></div>",
  "type": "demo",
}
`;

exports[`renders ./components/popconfirm/demo/dynamic-trigger.tsx extend context correctly 1`] = `
{
  "html": "<div><a href="#">Delete a task</a><div><div class="ant-popover ant-popconfirm" style="opacity:0"><div class="ant-popover-content"><div class="ant-popover-arrow"><span class="ant-popover-arrow-content"></span></div><div class="ant-popover-inner" role="tooltip"><div class="ant-popover-inner-content"><div class="ant-popconfirm-inner-content"><div class="ant-popconfirm-message"><span class="ant-popconfirm-message-icon"><span role="img" aria-label="exclamation-circle" class="anticon anticon-exclamation-circle"><svg viewBox="64 64 896 896" focusable="false" data-icon="exclamation-circle" width="1em" height="1em" fill="currentColor" aria-hidden="true"><path d="M512 64C264.6 64 64 264.6 64 512s200.6 448 448 448 448-200.6 448-448S759.4 64 512 64zm-32 232c0-4.4 3.6-8 8-8h48c4.4 0 8 3.6 8 8v272c0 4.4-3.6 8-8 8h-48c-4.4 0-8-3.6-8-8V296zm32 440a48.01 48.01 0 010-96 48.01 48.01 0 010 96z"></path></svg></span></span><div class="ant-popconfirm-message-title ant-popconfirm-message-title-only">Delete the task</div></div><div class="ant-popconfirm-description">Are you sure to delete this task?</div><div class="ant-popconfirm-buttons"><button type="button" class="ant-btn ant-btn-default ant-btn-sm"><span>No</span></button><button type="button" class="ant-btn ant-btn-primary ant-btn-sm"><span>Yes</span></button></div></div></div></div></div></div></div><br/><br/>Whether directly executeï¼š<button type="button" role="switch" aria-checked="true" class="ant-switch ant-switch-checked"><div class="ant-switch-handle"></div><span class="ant-switch-inner"><span class="ant-switch-inner-checked"></span><span class="ant-switch-inner-unchecked"></span></span></button></div>",
  "type": "demo",
}
`;

exports[`renders ./components/popconfirm/demo/icon.tsx extend context correctly 1`] = `
{
  "html": "<a href="#">Delete</a><div><div class="ant-popover ant-popconfirm" style="opacity:0"><div class="ant-popover-content"><div class="ant-popover-arrow"><span class="ant-popover-arrow-content"></span></div><div class="ant-popover-inner" role="tooltip"><div class="ant-popover-inner-content"><div class="ant-popconfirm-inner-content"><div class="ant-popconfirm-message"><span class="ant-popconfirm-message-icon"><span role="img" aria-label="question-circle" style="color:red" class="anticon anticon-question-circle"><svg viewBox="64 64 896 896" focusable="false" data-icon="question-circle" width="1em" height="1em" fill="currentColor" aria-hidden="true"><path d="M512 64C264.6 64 64 264.6 64 512s200.6 448 448 448 448-200.6 448-448S759.4 64 512 64zm0 820c-205.4 0-372-166.6-372-372s166.6-372 372-372 372 166.6 372 372-166.6 372-372 372z"></path><path d="M623.6 316.7C593.6 290.4 554 276 512 276s-81.6 14.5-111.6 40.7C369.2 344 352 380.7 352 420v7.6c0 4.4 3.6 8 8 8h48c4.4 0 8-3.6 8-8V420c0-44.1 43.1-80 96-80s96 35.9 96 80c0 31.1-22 59.6-56.1 72.7-21.2 8.1-39.2 22.3-52.1 40.9-13.1 19-19.9 41.8-19.9 64.9V620c0 4.4 3.6 8 8 8h48c4.4 0 8-3.6 8-8v-22.7a48.3 48.3 0 0130.9-44.8c59-22.7 97.1-74.7 97.1-132.5.1-39.3-17.1-76-48.3-103.3zM472 732a40 40 0 1080 0 40 40 0 10-80 0z"></path></svg></span></span><div class="ant-popconfirm-message-title ant-popconfirm-message-title-only">Delete the task</div></div><div class="ant-popconfirm-description">Are you sure to delete this task?</div><div class="ant-popconfirm-buttons"><button type="button" class="ant-btn ant-btn-default ant-btn-sm"><span>Cancel</span></button><button type="button" class="ant-btn ant-btn-primary ant-btn-sm"><span>OK</span></button></div></div></div></div></div></div></div>",
  "type": "demo",
}
`;

exports[`renders ./components/popconfirm/demo/locale.tsx extend context correctly 1`] = `
{
  "html": "<a href="#">Delete</a><div><div class="ant-popover ant-popconfirm" style="opacity:0"><div class="ant-popover-content"><div class="ant-popover-arrow"><span class="ant-popover-arrow-content"></span></div><div class="ant-popover-inner" role="tooltip"><div class="ant-popover-inner-content"><div class="ant-popconfirm-inner-content"><div class="ant-popconfirm-message"><span class="ant-popconfirm-message-icon"><span role="img" aria-label="exclamation-circle" class="anticon anticon-exclamation-circle"><svg viewBox="64 64 896 896" focusable="false" data-icon="exclamation-circle" width="1em" height="1em" fill="currentColor" aria-hidden="true"><path d="M512 64C264.6 64 64 264.6 64 512s200.6 448 448 448 448-200.6 448-448S759.4 64 512 64zm-32 232c0-4.4 3.6-8 8-8h48c4.4 0 8 3.6 8 8v272c0 4.4-3.6 8-8 8h-48c-4.4 0-8-3.6-8-8V296zm32 440a48.01 48.01 0 010-96 48.01 48.01 0 010 96z"></path></svg></span></span><div class="ant-popconfirm-message-title ant-popconfirm-message-title-only">Delete the task</div></div><div class="ant-popconfirm-description">Are you sure to delete this task?</div><div class="ant-popconfirm-buttons"><button type="button" class="ant-btn ant-btn-default ant-btn-sm"><span>No</span></button><button type="button" class="ant-btn ant-btn-primary ant-btn-sm"><span>Yes</span></button></div></div></div></div></div></div></div>",
  "type": "demo",
}
`;

exports[`renders ./components/popconfirm/demo/placement.tsx extend context correctly 1`] = `
{
  "html": "<div class="demo"><div style="margin-left:70px;white-space:nowrap"><button type="button" class="ant-btn ant-btn-default"><span>TL</span></button><div><div class="ant-popover ant-popconfirm" style="opacity:0"><div class="ant-popover-content"><div class="ant-popover-arrow"><span class="ant-popover-arrow-content"></span></div><div class="ant-popover-inner" role="tooltip"><div class="ant-popover-inner-content"><div class="ant-popconfirm-inner-content"><div class="ant-popconfirm-message"><span class="ant-popconfirm-message-icon"><span role="img" aria-label="exclamation-circle" class="anticon anticon-exclamation-circle"><svg viewBox="64 64 896 896" focusable="false" data-icon="exclamation-circle" width="1em" height="1em" fill="currentColor" aria-hidden="true"><path d="M512 64C264.6 64 64 264.6 64 512s200.6 448 448 448 448-200.6 448-448S759.4 64 512 64zm-32 232c0-4.4 3.6-8 8-8h48c4.4 0 8 3.6 8 8v272c0 4.4-3.6 8-8 8h-48c-4.4 0-8-3.6-8-8V296zm32 440a48.01 48.01 0 010-96 48.01 48.01 0 010 96z"></path></svg></span></span><div class="ant-popconfirm-message-title ant-popconfirm-message-title-only">Are you sure to delete this task?</div></div><div class="ant-popconfirm-description">Delete the task</div><div class="ant-popconfirm-buttons"><button type="button" class="ant-btn ant-btn-default ant-btn-sm"><span>No</span></button><button type="button" class="ant-btn ant-btn-primary ant-btn-sm"><span>Yes</span></button></div></div></div></div></div></div></div><button type="button" class="ant-btn ant-btn-default"><span>Top</span></button><div><div class="ant-popover ant-popconfirm" style="opacity:0"><div class="ant-popover-content"><div class="ant-popover-arrow"><span class="ant-popover-arrow-content"></span></div><div class="ant-popover-inner" role="tooltip"><div class="ant-popover-inner-content"><div class="ant-popconfirm-inner-content"><div class="ant-popconfirm-message"><span class="ant-popconfirm-message-icon"><span role="img" aria-label="exclamation-circle" class="anticon anticon-exclamation-circle"><svg viewBox="64 64 896 896" focusable="false" data-icon="exclamation-circle" width="1em" height="1em" fill="currentColor" aria-hidden="true"><path d="M512 64C264.6 64 64 264.6 64 512s200.6 448 448 448 448-200.6 448-448S759.4 64 512 64zm-32 232c0-4.4 3.6-8 8-8h48c4.4 0 8 3.6 8 8v272c0 4.4-3.6 8-8 8h-48c-4.4 0-8-3.6-8-8V296zm32 440a48.01 48.01 0 010-96 48.01 48.01 0 010 96z"></path></svg></span></span><div class="ant-popconfirm-message-title ant-popconfirm-message-title-only">Are you sure to delete this task?</div></div><div class="ant-popconfirm-description">Delete the task</div><div class="ant-popconfirm-buttons"><button type="button" class="ant-btn ant-btn-default ant-btn-sm"><span>No</span></button><button type="button" class="ant-btn ant-btn-primary ant-btn-sm"><span>Yes</span></button></div></div></div></div></div></div></div><button type="button" class="ant-btn ant-btn-default"><span>TR</span></button><div><div class="ant-popover ant-popconfirm" style="opacity:0"><div class="ant-popover-content"><div class="ant-popover-arrow"><span class="ant-popover-arrow-content"></span></div><div class="ant-popover-inner" role="tooltip"><div class="ant-popover-inner-content"><div class="ant-popconfirm-inner-content"><div class="ant-popconfirm-message"><span class="ant-popconfirm-message-icon"><span role="img" aria-label="exclamation-circle" class="anticon anticon-exclamation-circle"><svg viewBox="64 64 896 896" focusable="false" data-icon="exclamation-circle" width="1em" height="1em" fill="currentColor" aria-hidden="true"><path d="M512 64C264.6 64 64 264.6 64 512s200.6 448 448 448 448-200.6 448-448S759.4 64 512 64zm-32 232c0-4.4 3.6-8 8-8h48c4.4 0 8 3.6 8 8v272c0 4.4-3.6 8-8 8h-48c-4.4 0-8-3.6-8-8V296zm32 440a48.01 48.01 0 010-96 48.01 48.01 0 010 96z"></path></svg></span></span><div class="ant-popconfirm-message-title ant-popconfirm-message-title-only">Are you sure to delete this task?</div></div><div class="ant-popconfirm-description">Delete the task</div><div class="ant-popconfirm-buttons"><button type="button" class="ant-btn ant-btn-default ant-btn-sm"><span>No</span></button><button type="button" class="ant-btn ant-btn-primary ant-btn-sm"><span>Yes</span></button></div></div></div></div></div></div></div></div><div style="width:70px;float:left"><button type="button" class="ant-btn ant-btn-default"><span>LT</span></button><div><div class="ant-popover ant-popconfirm" style="opacity:0"><div class="ant-popover-content"><div class="ant-popover-arrow"><span class="ant-popover-arrow-content"></span></div><div class="ant-popover-inner" role="tooltip"><div class="ant-popover-inner-content"><div class="ant-popconfirm-inner-content"><div class="ant-popconfirm-message"><span class="ant-popconfirm-message-icon"><span role="img" aria-label="exclamation-circle" class="anticon anticon-exclamation-circle"><svg viewBox="64 64 896 896" focusable="false" data-icon="exclamation-circle" width="1em" height="1em" fill="currentColor" aria-hidden="true"><path d="M512 64C264.6 64 64 264.6 64 512s200.6 448 448 448 448-200.6 448-448S759.4 64 512 64zm-32 232c0-4.4 3.6-8 8-8h48c4.4 0 8 3.6 8 8v272c0 4.4-3.6 8-8 8h-48c-4.4 0-8-3.6-8-8V296zm32 440a48.01 48.01 0 010-96 48.01 48.01 0 010 96z"></path></svg></span></span><div class="ant-popconfirm-message-title ant-popconfirm-message-title-only">Are you sure to delete this task?</div></div><div class="ant-popconfirm-description">Delete the task</div><div class="ant-popconfirm-buttons"><button type="button" class="ant-btn ant-btn-default ant-btn-sm"><span>No</span></button><button type="button" class="ant-btn ant-btn-primary ant-btn-sm"><span>Yes</span></button></div></div></div></div></div></div></div><button type="button" class="ant-btn ant-btn-default"><span>Left</span></button><div><div class="ant-popover ant-popconfirm" style="opacity:0"><div class="ant-popover-content"><div class="ant-popover-arrow"><span class="ant-popover-arrow-content"></span></div><div class="ant-popover-inner" role="tooltip"><div class="ant-popover-inner-content"><div class="ant-popconfirm-inner-content"><div class="ant-popconfirm-message"><span class="ant-popconfirm-message-icon"><span role="img" aria-label="exclamation-circle" class="anticon anticon-exclamation-circle"><svg viewBox="64 64 896 896" focusable="false" data-icon="exclamation-circle" width="1em" height="1em" fill="currentColor" aria-hidden="true"><path d="M512 64C264.6 64 64 264.6 64 512s200.6 448 448 448 448-200.6 448-448S759.4 64 512 64zm-32 232c0-4.4 3.6-8 8-8h48c4.4 0 8 3.6 8 8v272c0 4.4-3.6 8-8 8h-48c-4.4 0-8-3.6-8-8V296zm32 440a48.01 48.01 0 010-96 48.01 48.01 0 010 96z"></path></svg></span></span><div class="ant-popconfirm-message-title ant-popconfirm-message-title-only">Are you sure to delete this task?</div></div><div class="ant-popconfirm-description">Delete the task</div><div class="ant-popconfirm-buttons"><button type="button" class="ant-btn ant-btn-default ant-btn-sm"><span>No</span></button><button type="button" class="ant-btn ant-btn-primary ant-btn-sm"><span>Yes</span></button></div></div></div></div></div></div></div><button type="button" class="ant-btn ant-btn-default"><span>LB</span></button><div><div class="ant-popover ant-popconfirm" style="opacity:0"><div class="ant-popover-content"><div class="ant-popover-arrow"><span class="ant-popover-arrow-content"></span></div><div class="ant-popover-inner" role="tooltip"><div class="ant-popover-inner-content"><div class="ant-popconfirm-inner-content"><div class="ant-popconfirm-message"><span class="ant-popconfirm-message-icon"><span role="img" aria-label="exclamation-circle" class="anticon anticon-exclamation-circle"><svg viewBox="64 64 896 896" focusable="false" data-icon="exclamation-circle" width="1em" height="1em" fill="currentColor" aria-hidden="true"><path d="M512 64C264.6 64 64 264.6 64 512s200.6 448 448 448 448-200.6 448-448S759.4 64 512 64zm-32 232c0-4.4 3.6-8 8-8h48c4.4 0 8 3.6 8 8v272c0 4.4-3.6 8-8 8h-48c-4.4 0-8-3.6-8-8V296zm32 440a48.01 48.01 0 010-96 48.01 48.01 0 010 96z"></path></svg></span></span><div class="ant-popconfirm-message-title ant-popconfirm-message-title-only">Are you sure to delete this task?</div></div><div class="ant-popconfirm-description">Delete the task</div><div class="ant-popconfirm-buttons"><button type="button" class="ant-btn ant-btn-default ant-btn-sm"><span>No</span></button><button type="button" class="ant-btn ant-btn-primary ant-btn-sm"><span>Yes</span></button></div></div></div></div></div></div></div></div><div style="width:70px;margin-left:304px"><button type="button" class="ant-btn ant-btn-default"><span>RT</span></button><div><div class="ant-popover ant-popconfirm" style="opacity:0"><div class="ant-popover-content"><div class="ant-popover-arrow"><span class="ant-popover-arrow-content"></span></div><div class="ant-popover-inner" role="tooltip"><div class="ant-popover-inner-content"><div class="ant-popconfirm-inner-content"><div class="ant-popconfirm-message"><span class="ant-popconfirm-message-icon"><span role="img" aria-label="exclamation-circle" class="anticon anticon-exclamation-circle"><svg viewBox="64 64 896 896" focusable="false" data-icon="exclamation-circle" width="1em" height="1em" fill="currentColor" aria-hidden="true"><path d="M512 64C264.6 64 64 264.6 64 512s200.6 448 448 448 448-200.6 448-448S759.4 64 512 64zm-32 232c0-4.4 3.6-8 8-8h48c4.4 0 8 3.6 8 8v272c0 4.4-3.6 8-8 8h-48c-4.4 0-8-3.6-8-8V296zm32 440a48.01 48.01 0 010-96 48.01 48.01 0 010 96z"></path></svg></span></span><div class="ant-popconfirm-message-title ant-popconfirm-message-title-only">Are you sure to delete this task?</div></div><div class="ant-popconfirm-description">Delete the task</div><div class="ant-popconfirm-buttons"><button type="button" class="ant-btn ant-btn-default ant-btn-sm"><span>No</span></button><button type="button" class="ant-btn ant-btn-primary ant-btn-sm"><span>Yes</span></button></div></div></div></div></div></div></div><button type="button" class="ant-btn ant-btn-default"><span>Right</span></button><div><div class="ant-popover ant-popconfirm" style="opacity:0"><div class="ant-popover-content"><div class="ant-popover-arrow"><span class="ant-popover-arrow-content"></span></div><div class="ant-popover-inner" role="tooltip"><div class="ant-popover-inner-content"><div class="ant-popconfirm-inner-content"><div class="ant-popconfirm-message"><span class="ant-popconfirm-message-icon"><span role="img" aria-label="exclamation-circle" class="anticon anticon-exclamation-circle"><svg viewBox="64 64 896 896" focusable="false" data-icon="exclamation-circle" width="1em" height="1em" fill="currentColor" aria-hidden="true"><path d="M512 64C264.6 64 64 264.6 64 512s200.6 448 448 448 448-200.6 448-448S759.4 64 512 64zm-32 232c0-4.4 3.6-8 8-8h48c4.4 0 8 3.6 8 8v272c0 4.4-3.6 8-8 8h-48c-4.4 0-8-3.6-8-8V296zm32 440a48.01 48.01 0 010-96 48.01 48.01 0 010 96z"></path></svg></span></span><div class="ant-popconfirm-message-title ant-popconfirm-message-title-only">Are you sure to delete this task?</div></div><div class="ant-popconfirm-description">Delete the task</div><div class="ant-popconfirm-buttons"><button type="button" class="ant-btn ant-btn-default ant-btn-sm"><span>No</span></button><button type="button" class="ant-btn ant-btn-primary ant-btn-sm"><span>Yes</span></button></div></div></div></div></div></div></div><button type="button" class="ant-btn ant-btn-default"><span>RB</span></button><div><div class="ant-popover ant-popconfirm" style="opacity:0"><div class="ant-popover-content"><div class="ant-popover-arrow"><span class="ant-popover-arrow-content"></span></div><div class="ant-popover-inner" role="tooltip"><div class="ant-popover-inner-content"><div class="ant-popconfirm-inner-content"><div class="ant-popconfirm-message"><span class="ant-popconfirm-message-icon"><span role="img" aria-label="exclamation-circle" class="anticon anticon-exclamation-circle"><svg viewBox="64 64 896 896" focusable="false" data-icon="exclamation-circle" width="1em" height="1em" fill="currentColor" aria-hidden="true"><path d="M512 64C264.6 64 64 264.6 64 512s200.6 448 448 448 448-200.6 448-448S759.4 64 512 64zm-32 232c0-4.4 3.6-8 8-8h48c4.4 0 8 3.6 8 8v272c0 4.4-3.6 8-8 8h-48c-4.4 0-8-3.6-8-8V296zm32 440a48.01 48.01 0 010-96 48.01 48.01 0 010 96z"></path></svg></span></span><div class="ant-popconfirm-message-title ant-popconfirm-message-title-only">Are you sure to delete this task?</div></div><div class="ant-popconfirm-description">Delete the task</div><div class="ant-popconfirm-buttons"><button type="button" class="ant-btn ant-btn-default ant-btn-sm"><span>No</span></button><button type="button" class="ant-btn ant-btn-primary ant-btn-sm"><span>Yes</span></button></div></div></div></div></div></div></div></div><div style="margin-left:70px;clear:both;white-space:nowrap"><button type="button" class="ant-btn ant-btn-default"><span>BL</span></button><div><div class="ant-popover ant-popconfirm" style="opacity:0"><div class="ant-popover-content"><div class="ant-popover-arrow"><span class="ant-popover-arrow-content"></span></div><div class="ant-popover-inner" role="tooltip"><div class="ant-popover-inner-content"><div class="ant-popconfirm-inner-content"><div class="ant-popconfirm-message"><span class="ant-popconfirm-message-icon"><span role="img" aria-label="exclamation-circle" class="anticon anticon-exclamation-circle"><svg viewBox="64 64 896 896" focusable="false" data-icon="exclamation-circle" width="1em" height="1em" fill="currentColor" aria-hidden="true"><path d="M512 64C264.6 64 64 264.6 64 512s200.6 448 448 448 448-200.6 448-448S759.4 64 512 64zm-32 232c0-4.4 3.6-8 8-8h48c4.4 0 8 3.6 8 8v272c0 4.4-3.6 8-8 8h-48c-4.4 0-8-3.6-8-8V296zm32 440a48.01 48.01 0 010-96 48.01 48.01 0 010 96z"></path></svg></span></span><div class="ant-popconfirm-message-title ant-popconfirm-message-title-only">Are you sure to delete this task?</div></div><div class="ant-popconfirm-description">Delete the task</div><div class="ant-popconfirm-buttons"><button type="button" class="ant-btn ant-btn-default ant-btn-sm"><span>No</span></button><button type="button" class="ant-btn ant-btn-primary ant-btn-sm"><span>Yes</span></button></div></div></div></div></div></div></div><button type="button" class="ant-btn ant-btn-default"><span>Bottom</span></button><div><div class="ant-popover ant-popconfirm" style="opacity:0"><div class="ant-popover-content"><div class="ant-popover-arrow"><span class="ant-popover-arrow-content"></span></div><div class="ant-popover-inner" role="tooltip"><div class="ant-popover-inner-content"><div class="ant-popconfirm-inner-content"><div class="ant-popconfirm-message"><span class="ant-popconfirm-message-icon"><span role="img" aria-label="exclamation-circle" class="anticon anticon-exclamation-circle"><svg viewBox="64 64 896 896" focusable="false" data-icon="exclamation-circle" width="1em" height="1em" fill="currentColor" aria-hidden="true"><path d="M512 64C264.6 64 64 264.6 64 512s200.6 448 448 448 448-200.6 448-448S759.4 64 512 64zm-32 232c0-4.4 3.6-8 8-8h48c4.4 0 8 3.6 8 8v272c0 4.4-3.6 8-8 8h-48c-4.4 0-8-3.6-8-8V296zm32 440a48.01 48.01 0 010-96 48.01 48.01 0 010 96z"></path></svg></span></span><div class="ant-popconfirm-message-title ant-popconfirm-message-title-only">Are you sure to delete this task?</div></div><div class="ant-popconfirm-description">Delete the task</div><div class="ant-popconfirm-buttons"><button type="button" class="ant-btn ant-btn-default ant-btn-sm"><span>No</span></button><button type="button" class="ant-btn ant-btn-primary ant-btn-sm"><span>Yes</span></button></div></div></div></div></div></div></div><button type="button" class="ant-btn ant-btn-default"><span>BR</span></button><div><div class="ant-popover ant-popconfirm" style="opacity:0"><div class="ant-popover-content"><div class="ant-popover-arrow"><span class="ant-popover-arrow-content"></span></div><div class="ant-popover-inner" role="tooltip"><div class="ant-popover-inner-content"><div class="ant-popconfirm-inner-content"><div class="ant-popconfirm-message"><span class="ant-popconfirm-message-icon"><span role="img" aria-label="exclamation-circle" class="anticon anticon-exclamation-circle"><svg viewBox="64 64 896 896" focusable="false" data-icon="exclamation-circle" width="1em" height="1em" fill="currentColor" aria-hidden="true"><path d="M512 64C264.6 64 64 264.6 64 512s200.6 448 448 448 448-200.6 448-448S759.4 64 512 64zm-32 232c0-4.4 3.6-8 8-8h48c4.4 0 8 3.6 8 8v272c0 4.4-3.6 8-8 8h-48c-4.4 0-8-3.6-8-8V296zm32 440a48.01 48.01 0 010-96 48.01 48.01 0 010 96z"></path></svg></span></span><div class="ant-popconfirm-message-title ant-popconfirm-message-title-only">Are you sure to delete this task?</div></div><div class="ant-popconfirm-description">Delete the task</div><div class="ant-popconfirm-buttons"><button type="button" class="ant-btn ant-btn-default ant-btn-sm"><span>No</span></button><button type="button" class="ant-btn ant-btn-primary ant-btn-sm"><span>Yes</span></button></div></div></div></div></div></div></div></div></div>",
  "type": "demo",
}
`;

exports[`renders ./components/popconfirm/demo/promise.tsx extend context correctly 1`] = `
{
  "html": "<button type="button" class="ant-btn ant-btn-primary"><span>Open Popconfirm with Promise</span></button><div><div class="ant-popover ant-popconfirm" style="opacity:0"><div class="ant-popover-content"><div class="ant-popover-arrow"><span class="ant-popover-arrow-content"></span></div><div class="ant-popover-inner" role="tooltip"><div class="ant-popover-inner-content"><div class="ant-popconfirm-inner-content"><div class="ant-popconfirm-message"><span class="ant-popconfirm-message-icon"><span role="img" aria-label="exclamation-circle" class="anticon anticon-exclamation-circle"><svg viewBox="64 64 896 896" focusable="false" data-icon="exclamation-circle" width="1em" height="1em" fill="currentColor" aria-hidden="true"><path d="M512 64C264.6 64 64 264.6 64 512s200.6 448 448 448 448-200.6 448-448S759.4 64 512 64zm-32 232c0-4.4 3.6-8 8-8h48c4.4 0 8 3.6 8 8v272c0 4.4-3.6 8-8 8h-48c-4.4 0-8-3.6-8-8V296zm32 440a48.01 48.01 0 010-96 48.01 48.01 0 010 96z"></path></svg></span></span><div class="ant-popconfirm-message-title ant-popconfirm-message-title-only">Title</div></div><div class="ant-popconfirm-description">Open Popconfirm with Promise</div><div class="ant-popconfirm-buttons"><button type="button" class="ant-btn ant-btn-default ant-btn-sm"><span>Cancel</span></button><button type="button" class="ant-btn ant-btn-primary ant-btn-sm"><span>OK</span></button></div></div></div></div></div></div></div>",
  "type": "demo",
}
`;

exports[`renders ./components/popconfirm/demo/render-panel.tsx extend context correctly 1`] = `
{
  "html": "<div class="ant-popover ant-popover-pure ant-popover-placement-top ant-popconfirm"><div class="ant-popover-content"><div class="ant-popover-arrow"></div><div class="ant-popover-inner" role="tooltip"><div class="ant-popover-inner-content"><div class="ant-popconfirm-inner-content"><div class="ant-popconfirm-message"><span class="ant-popconfirm-message-icon"><span role="img" aria-label="exclamation-circle" class="anticon anticon-exclamation-circle"><svg viewBox="64 64 896 896" focusable="false" data-icon="exclamation-circle" width="1em" height="1em" fill="currentColor" aria-hidden="true"><path d="M512 64C264.6 64 64 264.6 64 512s200.6 448 448 448 448-200.6 448-448S759.4 64 512 64zm-32 232c0-4.4 3.6-8 8-8h48c4.4 0 8 3.6 8 8v272c0 4.4-3.6 8-8 8h-48c-4.4 0-8-3.6-8-8V296zm32 440a48.01 48.01 0 010-96 48.01 48.01 0 010 96z"></path></svg></span></span><div class="ant-popconfirm-message-title ant-popconfirm-message-title-only">Are you OK?</div></div><div class="ant-popconfirm-description">Does this look good?</div><div class="ant-popconfirm-buttons"><button type="button" class="ant-btn ant-btn-default ant-btn-sm"><span>Cancel</span></button><button type="button" class="ant-btn ant-btn-primary ant-btn-sm"><span>OK</span></button></div></div></div></div></div></div><div class="ant-popover ant-popover-pure ant-popover-placement-bottomRight ant-popconfirm" style="width:250px"><div class="ant-popover-content" style="width:250px"><div class="ant-popover-arrow"></div><div class="ant-popover-inner" role="tooltip"><div class="ant-popover-inner-content"><div class="ant-popconfirm-inner-content"><div class="ant-popconfirm-message"><span class="ant-popconfirm-message-icon"><span role="img" aria-label="exclamation-circle" class="anticon anticon-exclamation-circle"><svg viewBox="64 64 896 896" focusable="false" data-icon="exclamation-circle" width="1em" height="1em" fill="currentColor" aria-hidden="true"><path d="M512 64C264.6 64 64 264.6 64 512s200.6 448 448 448 448-200.6 448-448S759.4 64 512 64zm-32 232c0-4.4 3.6-8 8-8h48c4.4 0 8 3.6 8 8v272c0 4.4-3.6 8-8 8h-48c-4.4 0-8-3.6-8-8V296zm32 440a48.01 48.01 0 010-96 48.01 48.01 0 010 96z"></path></svg></span></span><div class="ant-popconfirm-message-title ant-popconfirm-message-title-only">Are you OK?</div></div><div class="ant-popconfirm-description">Does this look good?</div><div class="ant-popconfirm-buttons"><button type="button" class="ant-btn ant-btn-default ant-btn-sm"><span>Cancel</span></button><button type="button" class="ant-btn ant-btn-primary ant-btn-sm"><span>OK</span></button></div></div></div></div></div></div>",
  "type": "demo",
}
`;

exports[`renders ./components/popconfirm/demo/wireframe.tsx extend context correctly 1`] = `
{
  "html": "<div class="ant-popover ant-popover-pure ant-popover-placement-top ant-popconfirm"><div class="ant-popover-content"><div class="ant-popover-arrow"></div><div class="ant-popover-inner" role="tooltip"><div class="ant-popover-inner-content"><div class="ant-popconfirm-inner-content"><div class="ant-popconfirm-message"><span class="ant-popconfirm-message-icon"><span role="img" aria-label="exclamation-circle" class="anticon anticon-exclamation-circle"><svg viewBox="64 64 896 896" focusable="false" data-icon="exclamation-circle" width="1em" height="1em" fill="currentColor" aria-hidden="true"><path d="M512 64C264.6 64 64 264.6 64 512s200.6 448 448 448 448-200.6 448-448S759.4 64 512 64zm-32 232c0-4.4 3.6-8 8-8h48c4.4 0 8 3.6 8 8v272c0 4.4-3.6 8-8 8h-48c-4.4 0-8-3.6-8-8V296zm32 440a48.01 48.01 0 010-96 48.01 48.01 0 010 96z"></path></svg></span></span><div class="ant-popconfirm-message-title">Are you OK?</div></div><div class="ant-popconfirm-buttons"><button type="button" class="ant-btn ant-btn-default ant-btn-sm"><span>Cancel</span></button><button type="button" class="ant-btn ant-btn-primary ant-btn-sm"><span>OK</span></button></div></div></div></div></div></div><div class="ant-popover ant-popover-pure ant-popover-placement-bottomRight ant-popconfirm" style="width:250px"><div class="ant-popover-content" style="width:250px"><div class="ant-popover-arrow"></div><div class="ant-popover-inner" role="tooltip"><div class="ant-popover-inner-content"><div class="ant-popconfirm-inner-content"><div class="ant-popconfirm-message"><span class="ant-popconfirm-message-icon"><span role="img" aria-label="exclamation-circle" class="anticon anticon-exclamation-circle"><svg viewBox="64 64 896 896" focusable="false" data-icon="exclamation-circle" width="1em" height="1em" fill="currentColor" aria-hidden="true"><path d="M512 64C264.6 64 64 264.6 64 512s200.6 448 448 448 448-200.6 448-448S759.4 64 512 64zm-32 232c0-4.4 3.6-8 8-8h48c4.4 0 8 3.6 8 8v272c0 4.4-3.6 8-8 8h-48c-4.4 0-8-3.6-8-8V296zm32 440a48.01 48.01 0 010-96 48.01 48.01 0 010 96z"></path></svg></span></span><div class="ant-popconfirm-message-title">Are you OK?</div></div><div class="ant-popconfirm-buttons"><button type="button" class="ant-btn ant-btn-default ant-btn-sm"><span>Cancel</span></button><button type="button" class="ant-btn ant-btn-primary ant-btn-sm"><span>OK</span></button></div></div></div></div></div></div>",
  "type": "demo",
}
`;
